Archive member included because of file (symbol)

E:\marmote\firmware\MainBoard\lwIPTest\SoftConsole\lwIPTest_MSS_MSS_CM3_0\lwIPTest_MSS_MSS_CM3_0_hw_platform\Debug\liblwIPTest_MSS_MSS_CM3_0_hw_platform.a(mss_pdma.o)
                              ./main.o (PDMA_init)
E:\marmote\firmware\MainBoard\lwIPTest\SoftConsole\lwIPTest_MSS_MSS_CM3_0\lwIPTest_MSS_MSS_CM3_0_hw_platform\Debug\liblwIPTest_MSS_MSS_CM3_0_hw_platform.a(mss_ethernet_mac.o)
                              ./SmartFusionethernetif.o (MSS_MAC_init)
E:\marmote\firmware\MainBoard\lwIPTest\SoftConsole\lwIPTest_MSS_MSS_CM3_0\lwIPTest_MSS_MSS_CM3_0_hw_platform\Debug\liblwIPTest_MSS_MSS_CM3_0_hw_platform.a(phy.o)
                              E:\marmote\firmware\MainBoard\lwIPTest\SoftConsole\lwIPTest_MSS_MSS_CM3_0\lwIPTest_MSS_MSS_CM3_0_hw_platform\Debug\liblwIPTest_MSS_MSS_CM3_0_hw_platform.a(mss_ethernet_mac.o) (PHY_probe)
E:\marmote\firmware\MainBoard\lwIPTest\SoftConsole\lwIPTest_MSS_MSS_CM3_0\lwIPTest_MSS_MSS_CM3_0_hw_platform\Debug\liblwIPTest_MSS_MSS_CM3_0_hw_platform.a(system_a2fxxxm3.o)
                              ./main.o (g_FrequencyPCLK0)
E:\marmote\firmware\MainBoard\lwIPTest\SoftConsole\lwIPTest_MSS_MSS_CM3_0\lwIPTest_MSS_MSS_CM3_0_hw_platform\Debug\liblwIPTest_MSS_MSS_CM3_0_hw_platform.a(crc32.o)
                              E:\marmote\firmware\MainBoard\lwIPTest\SoftConsole\lwIPTest_MSS_MSS_CM3_0\lwIPTest_MSS_MSS_CM3_0_hw_platform\Debug\liblwIPTest_MSS_MSS_CM3_0_hw_platform.a(mss_ethernet_mac.o) (mss_ethernet_crc)
c:/microsemi/libero_v10.0/softconsole/sourcery-g++/bin/../lib/gcc/arm-none-eabi/4.4.1/../../../../arm-none-eabi/lib/thumb2\libc.a(lib_a-errno.o)
                              E:/marmote/firmware/MainBoard/lwIPTest/SoftConsole/lwIPTest_MSS_MSS_CM3_0/lwIPTest_MSS_MSS_CM3_0_hw_platform/Debug/CMSIS/startup_gcc/newlib_stubs.o (__errno)
c:/microsemi/libero_v10.0/softconsole/sourcery-g++/bin/../lib/gcc/arm-none-eabi/4.4.1/../../../../arm-none-eabi/lib/thumb2\libc.a(lib_a-impure.o)
                              c:/microsemi/libero_v10.0/softconsole/sourcery-g++/bin/../lib/gcc/arm-none-eabi/4.4.1/../../../../arm-none-eabi/lib/thumb2\libc.a(lib_a-errno.o) (_impure_ptr)
c:/microsemi/libero_v10.0/softconsole/sourcery-g++/bin/../lib/gcc/arm-none-eabi/4.4.1/../../../../arm-none-eabi/lib/thumb2\libc.a(lib_a-init.o)
                              E:/marmote/firmware/MainBoard/lwIPTest/SoftConsole/lwIPTest_MSS_MSS_CM3_0/lwIPTest_MSS_MSS_CM3_0_hw_platform/Debug/CMSIS/startup_gcc/startup_a2fxxxm3.o (__libc_init_array)
c:/microsemi/libero_v10.0/softconsole/sourcery-g++/bin/../lib/gcc/arm-none-eabi/4.4.1/../../../../arm-none-eabi/lib/thumb2\libc.a(lib_a-memcpy.o)
                              ./SmartFusionethernetif.o (memcpy)
c:/microsemi/libero_v10.0/softconsole/sourcery-g++/bin/../lib/gcc/arm-none-eabi/4.4.1/../../../../arm-none-eabi/lib/thumb2\libc.a(lib_a-memset.o)
                              ./lwip-1.4.0/src/core/mem.o (memset)
c:/microsemi/libero_v10.0/softconsole/sourcery-g++/bin/../lib/gcc/arm-none-eabi/4.4.1/../../../../arm-none-eabi/lib/thumb2\libc.a(lib_a-strlen.o)
                              ./lwip-1.4.0/src/core/pbuf.o (strlen)

Allocating common symbols
Common symbol       size              file

current_iphdr_src   0x4               ./lwip-1.4.0/src/core/ipv4/ip.o
netif_list          0x4               ./lwip-1.4.0/src/core/netif.o
udp_pcbs            0x4               ./lwip-1.4.0/src/core/udp.o
current_netif       0x4               ./lwip-1.4.0/src/core/ipv4/ip.o
current_iphdr_dest  0x4               ./lwip-1.4.0/src/core/ipv4/ip.o
g_mss_mac           0x24cc            E:\marmote\firmware\MainBoard\lwIPTest\SoftConsole\lwIPTest_MSS_MSS_CM3_0\lwIPTest_MSS_MSS_CM3_0_hw_platform\Debug\liblwIPTest_MSS_MSS_CM3_0_hw_platform.a(mss_ethernet_mac.o)
current_header      0x4               ./lwip-1.4.0/src/core/ipv4/ip.o
lwip_stats          0xe0              ./lwip-1.4.0/src/core/stats.o
netif_default       0x4               ./lwip-1.4.0/src/core/netif.o
ram_heap            0x3e94            ./lwip-1.4.0/src/core/mem.o

Discarded input sections

 .text          0x00000000        0x0 c:/microsemi/libero_v10.0/softconsole/sourcery-g++/bin/../lib/gcc/arm-none-eabi/4.4.1/thumb2/crti.o
 .data          0x00000000        0x0 c:/microsemi/libero_v10.0/softconsole/sourcery-g++/bin/../lib/gcc/arm-none-eabi/4.4.1/thumb2/crti.o
 .bss           0x00000000        0x0 c:/microsemi/libero_v10.0/softconsole/sourcery-g++/bin/../lib/gcc/arm-none-eabi/4.4.1/thumb2/crti.o
 .data          0x00000000        0x4 c:/microsemi/libero_v10.0/softconsole/sourcery-g++/bin/../lib/gcc/arm-none-eabi/4.4.1/thumb2/crtbegin.o
 .text          0x00000000        0x0 ./SmartFusionethernetif.o
 .data          0x00000000        0x0 ./SmartFusionethernetif.o
 .bss           0x00000000        0x0 ./SmartFusionethernetif.o
 .text          0x00000000        0x0 ./main.o
 .data          0x00000000        0x0 ./main.o
[...]
Memory Configuration

Name             Origin             Length             Attributes
rom              0x60000000         0x00040000         xr
romMirror        0x00000000         0x00040000         xr
ram              0x20000000         0x00010000         xrw
*default*        0x00000000         0xffffffff

Linker script and memory map

LOAD c:/microsemi/libero_v10.0/softconsole/sourcery-g++/bin/../lib/gcc/arm-none-eabi/4.4.1/thumb2/crti.o
LOAD c:/microsemi/libero_v10.0/softconsole/sourcery-g++/bin/../lib/gcc/arm-none-eabi/4.4.1/thumb2/crtbegin.o
LOAD ./SmartFusionethernetif.o
LOAD ./main.o
LOAD ./sampleserver.o
LOAD ./lwip-1.4.0/src/netif/etharp.o
LOAD ./lwip-1.4.0/src/netif/ethernetif.o
LOAD ./lwip-1.4.0/src/netif/slipif.o
LOAD ./lwip-1.4.0/src/core/def.o
LOAD ./lwip-1.4.0/src/core/dhcp.o
LOAD ./lwip-1.4.0/src/core/dns.o
LOAD ./lwip-1.4.0/src/core/init.o
LOAD ./lwip-1.4.0/src/core/mem.o
LOAD ./lwip-1.4.0/src/core/memp.o
LOAD ./lwip-1.4.0/src/core/netif.o
LOAD ./lwip-1.4.0/src/core/pbuf.o
LOAD ./lwip-1.4.0/src/core/raw.o
LOAD ./lwip-1.4.0/src/core/stats.o
LOAD ./lwip-1.4.0/src/core/sys.o
LOAD ./lwip-1.4.0/src/core/tcp.o
LOAD ./lwip-1.4.0/src/core/tcp_in.o
LOAD ./lwip-1.4.0/src/core/tcp_out.o
LOAD ./lwip-1.4.0/src/core/timers.o
LOAD ./lwip-1.4.0/src/core/udp.o
LOAD ./lwip-1.4.0/src/core/snmp/asn1_dec.o
LOAD ./lwip-1.4.0/src/core/snmp/asn1_enc.o
LOAD ./lwip-1.4.0/src/core/snmp/mib2.o
LOAD ./lwip-1.4.0/src/core/snmp/mib_structs.o
LOAD ./lwip-1.4.0/src/core/snmp/msg_in.o
LOAD ./lwip-1.4.0/src/core/snmp/msg_out.o
LOAD ./lwip-1.4.0/src/core/ipv4/autoip.o
LOAD ./lwip-1.4.0/src/core/ipv4/icmp.o
LOAD ./lwip-1.4.0/src/core/ipv4/igmp.o
LOAD ./lwip-1.4.0/src/core/ipv4/inet.o
LOAD ./lwip-1.4.0/src/core/ipv4/inet_chksum.o
LOAD ./lwip-1.4.0/src/core/ipv4/ip.o
LOAD ./lwip-1.4.0/src/core/ipv4/ip_addr.o
LOAD ./lwip-1.4.0/src/core/ipv4/ip_frag.o
LOAD ./lwip-1.4.0/src/api/api_lib.o
LOAD ./lwip-1.4.0/src/api/api_msg.o
LOAD ./lwip-1.4.0/src/api/err.o
LOAD ./lwip-1.4.0/src/api/netbuf.o
LOAD ./lwip-1.4.0/src/api/netdb.o
LOAD ./lwip-1.4.0/src/api/netifapi.o
LOAD ./lwip-1.4.0/src/api/sockets.o
LOAD ./lwip-1.4.0/src/api/tcpip.o
LOAD ./arch/sys_arch.o
LOAD E:/marmote/firmware/MainBoard/lwIPTest/SoftConsole/lwIPTest_MSS_MSS_CM3_0/lwIPTest_MSS_MSS_CM3_0_hw_platform/Debug/CMSIS/startup_gcc/startup_a2fxxxm3.o
LOAD E:/marmote/firmware/MainBoard/lwIPTest/SoftConsole/lwIPTest_MSS_MSS_CM3_0/lwIPTest_MSS_MSS_CM3_0_hw_platform/Debug/CMSIS/startup_gcc/newlib_stubs.o
LOAD E:\marmote\firmware\MainBoard\lwIPTest\SoftConsole\lwIPTest_MSS_MSS_CM3_0\lwIPTest_MSS_MSS_CM3_0_hw_platform\Debug\liblwIPTest_MSS_MSS_CM3_0_hw_platform.a
START GROUP
LOAD c:/microsemi/libero_v10.0/softconsole/sourcery-g++/bin/../lib/gcc/arm-none-eabi/4.4.1/thumb2\libgcc.a
LOAD c:/microsemi/libero_v10.0/softconsole/sourcery-g++/bin/../lib/gcc/arm-none-eabi/4.4.1/../../../../arm-none-eabi/lib/thumb2\libc.a
END GROUP
LOAD c:/microsemi/libero_v10.0/softconsole/sourcery-g++/bin/../lib/gcc/arm-none-eabi/4.4.1/thumb2/crtend.o
LOAD c:/microsemi/libero_v10.0/softconsole/sourcery-g++/bin/../lib/gcc/arm-none-eabi/4.4.1/thumb2/crtn.o
START GROUP
LOAD c:/microsemi/libero_v10.0/softconsole/sourcery-g++/bin/../lib/gcc/arm-none-eabi/4.4.1/../../../../arm-none-eabi/lib/thumb2\libc.a
LOAD c:/microsemi/libero_v10.0/softconsole/sourcery-g++/bin/../lib/gcc/arm-none-eabi/4.4.1/thumb2\libgcc.a
LOAD c:/microsemi/libero_v10.0/softconsole/sourcery-g++/bin/../lib/gcc/arm-none-eabi/4.4.1/../../../../arm-none-eabi/lib/thumb2\libm.a
END GROUP
                0x00000000                __DYNAMIC = 0x0
                0x20000000                RAM_START_ADDRESS = 0x20000000
                0x00010000                RAM_SIZE = 0x10000
                0x00002000                MAIN_STACK_SIZE = 0x2000
                0x00001000                PROCESS_STACK_SIZE = 0x1000
                0x20010000                PROVIDE (__main_stack_start, (RAM_START_ADDRESS + RAM_SIZE))
                0x2000e000                PROVIDE (__process_stack_start, (__main_stack_start - MAIN_STACK_SIZE))
                0x20010000                PROVIDE (_estack, __main_stack_start)
                0x00000001                PROVIDE (__mirrored_nvm, 0x1)

.init           0x00000000      0x470 load address 0x60000000
 *(.isr_vector)
 .isr_vector    0x00000000      0x470 E:/marmote/firmware/MainBoard/lwIPTest/SoftConsole/lwIPTest_MSS_MSS_CM3_0/lwIPTest_MSS_MSS_CM3_0_hw_platform/Debug/CMSIS/startup_gcc/startup_a2fxxxm3.o
                0x00000000                g_pfnVectors
                0x00000298                Reset_Handler
                0x00000308                NMI_Handler
                0x0000030a                HardFault_Handler
                0x0000030c                MemManage_Handler
                0x0000030e                BusFault_Handler
                0x00000310                UsageFault_Handler
                0x00000312                SVC_Handler
                0x00000314                DebugMon_Handler
                0x00000316                PendSV_Handler
                0x00000318                SysTick_Handler
                0x0000031a                WdogWakeup_IRQHandler
                0x0000031c                BrownOut_1_5V_IRQHandler
                0x0000031e                BrownOut_3_3V_IRQHandler
                0x00000320                RTC_Match_IRQHandler
                0x00000322                RTCIF_Pub_IRQHandler
                0x00000326                IAP_IRQHandler
                0x00000328                ENVM0_IRQHandler
                0x0000032a                ENVM1_IRQHandler
                0x0000032e                UART0_IRQHandler
                0x00000330                UART1_IRQHandler
                0x00000332                SPI0_IRQHandler
                0x00000334                SPI1_IRQHandler
                0x00000336                I2C0_IRQHandler
                0x00000338                I2C0_SMBAlert_IRQHandler
                0x0000033a                I2C0_SMBus_IRQHandler
                0x0000033c                I2C1_IRQHandler
                0x0000033e                I2C1_SMBAlert_IRQHandler
                0x00000340                I2C1_SMBus_IRQHandler
                0x00000344                Timer2_IRQHandler
                0x00000346                PLL_Lock_IRQHandler
                0x00000348                PLL_LockLost_IRQHandler
                0x0000034a                CommError_IRQHandler
                0x0000034c                Fabric_IRQHandler
                0x0000034e                GPIO0_IRQHandler
                0x00000350                GPIO1_IRQHandler
                0x00000352                GPIO2_IRQHandler
                0x00000354                GPIO3_IRQHandler
                0x00000356                GPIO4_IRQHandler
                0x00000358                GPIO5_IRQHandler
                0x0000035a                GPIO6_IRQHandler
                0x0000035c                GPIO7_IRQHandler
                0x0000035e                GPIO8_IRQHandler
                0x00000360                GPIO9_IRQHandler
                0x00000362                GPIO10_IRQHandler
                0x00000364                GPIO11_IRQHandler
                0x00000366                GPIO12_IRQHandler
                0x00000368                GPIO13_IRQHandler
                0x0000036a                GPIO14_IRQHandler
                0x0000036c                GPIO15_IRQHandler
                0x0000036e                GPIO16_IRQHandler
                0x00000370                GPIO17_IRQHandler
                0x00000372                GPIO18_IRQHandler
                0x00000374                GPIO19_IRQHandler
                0x00000376                GPIO20_IRQHandler
                0x00000378                GPIO21_IRQHandler
                0x0000037a                GPIO22_IRQHandler
                0x0000037c                GPIO23_IRQHandler
                0x0000037e                GPIO24_IRQHandler
                0x00000380                GPIO25_IRQHandler
                0x00000382                GPIO26_IRQHandler
                0x00000384                GPIO27_IRQHandler
                0x00000386                GPIO28_IRQHandler
                0x00000388                GPIO29_IRQHandler
                0x0000038a                GPIO30_IRQHandler
                0x0000038c                GPIO31_IRQHandler
                0x0000038e                ACE_PC0_Flag0_IRQHandler
                0x00000390                ACE_PC0_Flag1_IRQHandler
                0x00000392                ACE_PC0_Flag2_IRQHandler
                0x00000394                ACE_PC0_Flag3_IRQHandler
                0x00000396                ACE_PC1_Flag0_IRQHandler
                0x00000398                ACE_PC1_Flag1_IRQHandler
                0x0000039a                ACE_PC1_Flag2_IRQHandler
                0x0000039c                ACE_PC1_Flag3_IRQHandler
                0x0000039e                ACE_PC2_Flag0_IRQHandler
                0x000003a0                ACE_PC2_Flag1_IRQHandler
                0x000003a2                ACE_PC2_Flag2_IRQHandler
                0x000003a4                ACE_PC2_Flag3_IRQHandler
                0x000003a6                ACE_ADC0_DataValid_IRQHandler
                0x000003a8                ACE_ADC1_DataValid_IRQHandler
                0x000003aa                ACE_ADC2_DataValid_IRQHandler
                0x000003ac                ACE_ADC0_CalDone_IRQHandler
                0x000003ae                ACE_ADC1_CalDone_IRQHandler
                0x000003b0                ACE_ADC2_CalDone_IRQHandler
                0x000003b2                ACE_ADC0_CalStart_IRQHandler
                0x000003b4                ACE_ADC1_CalStart_IRQHandler
                0x000003b6                ACE_ADC2_CalStart_IRQHandler
                0x000003b8                ACE_Comp0_Fall_IRQHandler
                0x000003ba                ACE_Comp1_Fall_IRQHandler
                0x000003bc                ACE_Comp2_Fall_IRQHandler
                0x000003be                ACE_Comp3_Fall_IRQHandler
                0x000003c0                ACE_Comp4_Fall_IRQHandler
                0x000003c2                ACE_Comp5_Fall_IRQHandler
                0x000003c4                ACE_Comp6_Fall_IRQHandler
                0x000003c6                ACE_Comp7_Fall_IRQHandler
                0x000003c8                ACE_Comp8_Fall_IRQHandler
                0x000003ca                ACE_Comp9_Fall_IRQHandler
                0x000003cc                ACE_Comp10_Fall_IRQHandler
                0x000003ce                ACE_Comp11_Fall_IRQHandler
                0x000003d0                ACE_Comp0_Rise_IRQHandler
                0x000003d2                ACE_Comp1_Rise_IRQHandler
                0x000003d4                ACE_Comp2_Rise_IRQHandler
                0x000003d6                ACE_Comp3_Rise_IRQHandler
                0x000003d8                ACE_Comp4_Rise_IRQHandler
                0x000003da                ACE_Comp5_Rise_IRQHandler
                0x000003dc                ACE_Comp6_Rise_IRQHandler
                0x000003de                ACE_Comp7_Rise_IRQHandler
                0x000003e0                ACE_Comp8_Rise_IRQHandler
                0x000003e2                ACE_Comp9_Rise_IRQHandler
                0x000003e4                ACE_Comp10_Rise_IRQHandler
                0x000003e6                ACE_Comp11_Rise_IRQHandler
                0x000003e8                ACE_ADC0_FifoFull_IRQHandler
                0x000003ea                ACE_ADC0_FifoAFull_IRQHandler
                0x000003ec                ACE_ADC0_FifoEmpty_IRQHandler
                0x000003ee                ACE_ADC1_FifoFull_IRQHandler
                0x000003f0                ACE_ADC1_FifoAFull_IRQHandler
                0x000003f2                ACE_ADC1_FifoEmpty_IRQHandler
                0x000003f4                ACE_ADC2_FifoFull_IRQHandler
                0x000003f6                ACE_ADC2_FifoAFull_IRQHandler
                0x000003f8                ACE_ADC2_FifoEmpty_IRQHandler
                0x000003fa                ACE_PPE_Flag0_IRQHandler
                0x000003fc                ACE_PPE_Flag1_IRQHandler
                0x000003fe                ACE_PPE_Flag2_IRQHandler
                0x00000400                ACE_PPE_Flag3_IRQHandler
                0x00000402                ACE_PPE_Flag4_IRQHandler
                0x00000404                ACE_PPE_Flag5_IRQHandler
                0x00000406                ACE_PPE_Flag6_IRQHandler
                0x00000408                ACE_PPE_Flag7_IRQHandler
                0x0000040a                ACE_PPE_Flag8_IRQHandler
                0x0000040c                ACE_PPE_Flag9_IRQHandler
                0x0000040e                ACE_PPE_Flag10_IRQHandler
                0x00000410                ACE_PPE_Flag11_IRQHandler
                0x00000412                ACE_PPE_Flag12_IRQHandler
                0x00000414                ACE_PPE_Flag13_IRQHandler
                0x00000416                ACE_PPE_Flag14_IRQHandler
                0x00000418                ACE_PPE_Flag15_IRQHandler
                0x0000041a                ACE_PPE_Flag16_IRQHandler
                0x0000041c                ACE_PPE_Flag17_IRQHandler
                0x0000041e                ACE_PPE_Flag18_IRQHandler
                0x00000420                ACE_PPE_Flag19_IRQHandler
                0x00000422                ACE_PPE_Flag20_IRQHandler
                0x00000424                ACE_PPE_Flag21_IRQHandler
                0x00000426                ACE_PPE_Flag22_IRQHandler
                0x00000428                ACE_PPE_Flag23_IRQHandler
                0x0000042a                ACE_PPE_Flag24_IRQHandler
                0x0000042c                ACE_PPE_Flag25_IRQHandler
                0x0000042e                ACE_PPE_Flag26_IRQHandler
                0x00000430                ACE_PPE_Flag27_IRQHandler
                0x00000432                ACE_PPE_Flag28_IRQHandler
                0x00000434                ACE_PPE_Flag29_IRQHandler
                0x00000436                ACE_PPE_Flag30_IRQHandler
                0x00000438                ACE_PPE_Flag31_IRQHandler
 *sys_boot.o(.text)
                0x00000470                . = ALIGN (0x4)

.text           0x00000470     0x8ecc load address 0x60000470
 CREATE_OBJECT_SYMBOLS
                0x60000470                __text_load = LOADADDR (.text)
                0x00000470                __text_start = .
 *(.text .text.* .gnu.linkonce.t.*)
 .text          0x00000470       0x30 c:/microsemi/libero_v10.0/softconsole/sourcery-g++/bin/../lib/gcc/arm-none-eabi/4.4.1/thumb2/crtbegin.o
 .text.low_level_init
                0x000004a0       0x60 ./SmartFusionethernetif.o
 .text.low_level_output
                0x00000500       0xb8 ./SmartFusionethernetif.o
 .text.low_level_input
                0x000005b8      0x198 ./SmartFusionethernetif.o
 .text.ethernetif_input
                0x00000750       0x48 ./SmartFusionethernetif.o
                0x00000750                ethernetif_input
 .text.ethernetif_init
                0x00000798       0xe0 ./SmartFusionethernetif.o
                0x00000798                ethernetif_init
 .text.NVIC_EnableIRQ
                0x00000878       0x38 ./main.o
 .text.NVIC_DisableIRQ
                0x000008b0       0x3c ./main.o
 .text.NVIC_ClearPendingIRQ
                0x000008ec       0x3c ./main.o
 .text.MSS_TIM1_init
                0x00000928       0x84 ./main.o
 .text.MSS_TIM1_start
                0x000009ac       0x1c ./main.o
 .text.MSS_TIM1_load_immediate
                0x000009c8       0x20 ./main.o
 .text.MSS_TIM1_enable_irq
                0x000009e8       0x20 ./main.o
 .text.MSS_TIM1_clear_irq
                0x00000a08       0x1c ./main.o
 .text.sys_now  0x00000a24       0x1c ./main.o
                0x00000a24                sys_now
 .text.set_time_stamp
                0x00000a40       0x48 ./main.o
                0x00000a40                set_time_stamp
 .text.next_DMA_transfer
                0x00000a88       0x40 ./main.o
                0x00000a88                next_DMA_transfer
 .text.pdma_handler
                0x00000ac8       0x8c ./main.o
                0x00000ac8                pdma_handler
 .text.data_sent_callback_fn
                0x00000b54       0xa4 ./main.o
                0x00000b54                data_sent_callback_fn
 .text.Timer1_IRQHandler
                0x00000bf8       0x30 ./main.o
                0x00000bf8                Timer1_IRQHandler
 .text.receive_callback
                0x00000c28       0xa0 ./main.o
                0x00000c28                receive_callback
 .text.init_DMA
                0x00000cc8       0x38 ./main.o
                0x00000cc8                init_DMA
 .text.init_timing
                0x00000d00       0x3c ./main.o
                0x00000d00                init_timing
 .text.main     0x00000d3c      0x148 ./main.o
                0x00000d3c                main
 .text.send_buffer
                0x00000e84       0x74 ./sampleserver.o
                0x00000e84                send_buffer
 .text.recv_callback
                0x00000ef8       0x54 ./sampleserver.o
                0x00000ef8                recv_callback
 .text.server_init
                0x00000f4c       0x64 ./sampleserver.o
                0x00000f4c                server_init
 .text.free_entry
                0x00000fb0       0x74 ./lwip-1.4.0/src/netif/etharp.o
 .text.etharp_tmr
                0x00001024       0xe4 ./lwip-1.4.0/src/netif/etharp.o
                0x00001024                etharp_tmr
 .text.find_entry
                0x00001108      0x25c ./lwip-1.4.0/src/netif/etharp.o
 .text.etharp_send_ip
                0x00001364       0x64 ./lwip-1.4.0/src/netif/etharp.o
 .text.update_arp_entry
                0x000013c8      0x130 ./lwip-1.4.0/src/netif/etharp.o
 .text.etharp_arp_input
                0x000014f8      0x288 ./lwip-1.4.0/src/netif/etharp.o
 .text.etharp_output
                0x00001780      0x1cc ./lwip-1.4.0/src/netif/etharp.o
                0x00001780                etharp_output
 .text.etharp_query
                0x0000194c      0x2a4 ./lwip-1.4.0/src/netif/etharp.o
                0x0000194c                etharp_query
 .text.etharp_raw
                0x00001bf0      0x180 ./lwip-1.4.0/src/netif/etharp.o
 .text.etharp_request
                0x00001d70       0x5c ./lwip-1.4.0/src/netif/etharp.o
                0x00001d70                etharp_request
 .text.ethernet_input
                0x00001dcc      0x120 ./lwip-1.4.0/src/netif/etharp.o
                0x00001dcc                ethernet_input
 .text.lwip_htons
                0x00001eec       0x30 ./lwip-1.4.0/src/core/def.o
                0x00001eec                lwip_htons
 .text.lwip_ntohs
                0x00001f1c       0x20 ./lwip-1.4.0/src/core/def.o
                0x00001f1c                lwip_ntohs
 .text.lwip_init
                0x00001f3c       0x1c ./lwip-1.4.0/src/core/init.o
                0x00001f3c                lwip_init
 .text.plug_holes
                0x00001f58      0x108 ./lwip-1.4.0/src/core/mem.o
 .text.mem_init
                0x00002060       0xc0 ./lwip-1.4.0/src/core/mem.o
                0x00002060                mem_init
 .text.mem_free
                0x00002120       0xd8 ./lwip-1.4.0/src/core/mem.o
                0x00002120                mem_free
 .text.mem_trim
                0x000021f8      0x254 ./lwip-1.4.0/src/core/mem.o
                0x000021f8                mem_trim
 .text.mem_malloc
                0x0000244c      0x2ac ./lwip-1.4.0/src/core/mem.o
                0x0000244c                mem_malloc
 .text.memp_init
                0x000026f8      0x150 ./lwip-1.4.0/src/core/memp.o
                0x000026f8                memp_init
 .text.memp_malloc
                0x00002848      0x154 ./lwip-1.4.0/src/core/memp.o
                0x00002848                memp_malloc
 .text.memp_free
                0x0000299c       0x88 ./lwip-1.4.0/src/core/memp.o
                0x0000299c                memp_free
 .text.netif_init
                0x00002a24        0xc ./lwip-1.4.0/src/core/netif.o
                0x00002a24                netif_init
 .text.netif_add
                0x00002a30       0xa4 ./lwip-1.4.0/src/core/netif.o
                0x00002a30                netif_add
 .text.netif_set_addr
                0x00002ad4       0x30 ./lwip-1.4.0/src/core/netif.o
                0x00002ad4                netif_set_addr
 .text.netif_set_ipaddr
                0x00002b04       0x28 ./lwip-1.4.0/src/core/netif.o
                0x00002b04                netif_set_ipaddr
 .text.netif_set_gw
                0x00002b2c       0x28 ./lwip-1.4.0/src/core/netif.o
                0x00002b2c                netif_set_gw
 .text.netif_set_netmask
                0x00002b54       0x28 ./lwip-1.4.0/src/core/netif.o
                0x00002b54                netif_set_netmask
 .text.netif_set_default
                0x00002b7c       0x20 ./lwip-1.4.0/src/core/netif.o
                0x00002b7c                netif_set_default
 .text.netif_set_up
                0x00002b9c       0x5c ./lwip-1.4.0/src/core/netif.o
                0x00002b9c                netif_set_up
 .text.pbuf_alloc
                0x00002bf8      0x258 ./lwip-1.4.0/src/core/pbuf.o
                0x00002bf8                pbuf_alloc
 .text.pbuf_alloced_custom
                0x00002e50       0xd4 ./lwip-1.4.0/src/core/pbuf.o
                0x00002e50                pbuf_alloced_custom
 .text.pbuf_realloc
                0x00002f24       0xd8 ./lwip-1.4.0/src/core/pbuf.o
                0x00002f24                pbuf_realloc
 .text.pbuf_header
                0x00002ffc       0xf8 ./lwip-1.4.0/src/core/pbuf.o
                0x00002ffc                pbuf_header
 .text.pbuf_free
                0x000030f4       0xc8 ./lwip-1.4.0/src/core/pbuf.o
                0x000030f4                pbuf_free
 .text.pbuf_clen
                0x000031bc       0x34 ./lwip-1.4.0/src/core/pbuf.o
                0x000031bc                pbuf_clen
 .text.pbuf_ref
                0x000031f0       0x28 ./lwip-1.4.0/src/core/pbuf.o
                0x000031f0                pbuf_ref
 .text.pbuf_cat
                0x00003218       0x5c ./lwip-1.4.0/src/core/pbuf.o
                0x00003218                pbuf_cat
 .text.pbuf_chain
                0x00003274       0x20 ./lwip-1.4.0/src/core/pbuf.o
                0x00003274                pbuf_chain
 .text.pbuf_copy
                0x00003294      0x11c ./lwip-1.4.0/src/core/pbuf.o
                0x00003294                pbuf_copy
 .text.raw_input
                0x000033b0       0xdc ./lwip-1.4.0/src/core/raw.o
                0x000033b0                raw_input
 .text.stats_init
                0x0000348c        0xc ./lwip-1.4.0/src/core/stats.o
                0x0000348c                stats_init
 .text.ip_reass_timer
                0x00003498       0x28 ./lwip-1.4.0/src/core/timers.o
 .text.arp_timer
                0x000034c0       0x28 ./lwip-1.4.0/src/core/timers.o
 .text.sys_timeouts_init
                0x000034e8       0x40 ./lwip-1.4.0/src/core/timers.o
                0x000034e8                sys_timeouts_init
 .text.sys_timeout
                0x00003528      0x118 ./lwip-1.4.0/src/core/timers.o
                0x00003528                sys_timeout
 .text.udp_input
                0x00003640      0x404 ./lwip-1.4.0/src/core/udp.o
                0x00003640                udp_input
 .text.udp_sendto
                0x00003a44       0x64 ./lwip-1.4.0/src/core/udp.o
                0x00003a44                udp_sendto
 .text.udp_sendto_if
                0x00003aa8      0x214 ./lwip-1.4.0/src/core/udp.o
                0x00003aa8                udp_sendto_if
 .text.udp_bind
                0x00003cbc      0x120 ./lwip-1.4.0/src/core/udp.o
                0x00003cbc                udp_bind
 .text.udp_recv
                0x00003ddc       0x24 ./lwip-1.4.0/src/core/udp.o
                0x00003ddc                udp_recv
 .text.udp_new  0x00003e00       0x3c ./lwip-1.4.0/src/core/udp.o
                0x00003e00                udp_new
 .text.icmp_input
                0x00003e3c      0x44c ./lwip-1.4.0/src/core/ipv4/icmp.o
                0x00003e3c                icmp_input
 .text.icmp_dest_unreach
                0x00004288       0x24 ./lwip-1.4.0/src/core/ipv4/icmp.o
                0x00004288                icmp_dest_unreach
 .text.icmp_time_exceeded
                0x000042ac       0x24 ./lwip-1.4.0/src/core/ipv4/icmp.o
                0x000042ac                icmp_time_exceeded
 .text.icmp_send_response
                0x000042d0      0x128 ./lwip-1.4.0/src/core/ipv4/icmp.o
 .text.lwip_standard_chksum
                0x000043f8       0xe8 ./lwip-1.4.0/src/core/ipv4/inet_chksum.o
 .text.inet_chksum_pseudo
                0x000044e0      0x150 ./lwip-1.4.0/src/core/ipv4/inet_chksum.o
                0x000044e0                inet_chksum_pseudo
 .text.inet_chksum
                0x00004630       0x28 ./lwip-1.4.0/src/core/ipv4/inet_chksum.o
                0x00004630                inet_chksum
 .text.inet_chksum_pbuf
                0x00004658       0xc0 ./lwip-1.4.0/src/core/ipv4/inet_chksum.o
                0x00004658                inet_chksum_pbuf
 .text.ip_route
                0x00004718       0xac ./lwip-1.4.0/src/core/ipv4/ip.o
                0x00004718                ip_route
 .text.ip_input
                0x000047c4      0x430 ./lwip-1.4.0/src/core/ipv4/ip.o
                0x000047c4                ip_input
 .text.ip_output_if
                0x00004bf4      0x410 ./lwip-1.4.0/src/core/ipv4/ip.o
                0x00004bf4                ip_output_if
 .text.ip_output
                0x00005004       0x70 ./lwip-1.4.0/src/core/ipv4/ip.o
                0x00005004                ip_output
 .text.ip4_addr_isbroadcast
                0x00005074       0x8c ./lwip-1.4.0/src/core/ipv4/ip_addr.o
                0x00005074                ip4_addr_isbroadcast
 .text.ip_reass_tmr
                0x00005100       0x5c ./lwip-1.4.0/src/core/ipv4/ip_frag.o
                0x00005100                ip_reass_tmr
 .text.ip_reass_free_complete_datagram
                0x0000515c      0x11c ./lwip-1.4.0/src/core/ipv4/ip_frag.o
 .text.ip_reass_remove_oldest_datagram
                0x00005278      0x10c ./lwip-1.4.0/src/core/ipv4/ip_frag.o
 .text.ip_reass_enqueue_new_datagram
                0x00005384       0xac ./lwip-1.4.0/src/core/ipv4/ip_frag.o
 .text.ip_reass_dequeue_datagram
                0x00005430       0x44 ./lwip-1.4.0/src/core/ipv4/ip_frag.o
 .text.ip_reass_chain_frag_into_datagram_and_validate
                0x00005474      0x410 ./lwip-1.4.0/src/core/ipv4/ip_frag.o
 .text.ip_reass
                0x00005884      0x440 ./lwip-1.4.0/src/core/ipv4/ip_frag.o
                0x00005884                ip_reass
 .text.ip_frag_alloc_pbuf_custom_ref
                0x00005cc4       0x14 ./lwip-1.4.0/src/core/ipv4/ip_frag.o
 .text.ip_frag_free_pbuf_custom_ref
                0x00005cd8       0x1c ./lwip-1.4.0/src/core/ipv4/ip_frag.o
 .text.ipfrag_free_pbuf_custom
                0x00005cf4       0x2c ./lwip-1.4.0/src/core/ipv4/ip_frag.o
 .text.ip_frag  0x00005d20      0x2b4 ./lwip-1.4.0/src/core/ipv4/ip_frag.o
                0x00005d20                ip_frag
 .text.NVIC_EnableIRQ
                0x00005fd4       0x38 E:\marmote\firmware\MainBoard\lwIPTest\SoftConsole\lwIPTest_MSS_MSS_CM3_0\lwIPTest_MSS_MSS_CM3_0_hw_platform\Debug\liblwIPTest_MSS_MSS_CM3_0_hw_platform.a(mss_pdma.o)
 .text.NVIC_ClearPendingIRQ
                0x0000600c       0x3c E:\marmote\firmware\MainBoard\lwIPTest\SoftConsole\lwIPTest_MSS_MSS_CM3_0\lwIPTest_MSS_MSS_CM3_0_hw_platform\Debug\liblwIPTest_MSS_MSS_CM3_0_hw_platform.a(mss_pdma.o)
 .text.PDMA_init
                0x00006048       0xb8 E:\marmote\firmware\MainBoard\lwIPTest\SoftConsole\lwIPTest_MSS_MSS_CM3_0\lwIPTest_MSS_MSS_CM3_0_hw_platform\Debug\liblwIPTest_MSS_MSS_CM3_0_hw_platform.a(mss_pdma.o)
                0x00006048                PDMA_init
 .text.PDMA_configure
                0x00006100      0x12c E:\marmote\firmware\MainBoard\lwIPTest\SoftConsole\lwIPTest_MSS_MSS_CM3_0\lwIPTest_MSS_MSS_CM3_0_hw_platform\Debug\liblwIPTest_MSS_MSS_CM3_0_hw_platform.a(mss_pdma.o)
                0x00006100                PDMA_configure
 .text.PDMA_start
                0x0000622c      0x234 E:\marmote\firmware\MainBoard\lwIPTest\SoftConsole\lwIPTest_MSS_MSS_CM3_0\lwIPTest_MSS_MSS_CM3_0_hw_platform\Debug\liblwIPTest_MSS_MSS_CM3_0_hw_platform.a(mss_pdma.o)
                0x0000622c                PDMA_start
 .text.PDMA_load_next_buffer
                0x00006460      0x1d0 E:\marmote\firmware\MainBoard\lwIPTest\SoftConsole\lwIPTest_MSS_MSS_CM3_0\lwIPTest_MSS_MSS_CM3_0_hw_platform\Debug\liblwIPTest_MSS_MSS_CM3_0_hw_platform.a(mss_pdma.o)
                0x00006460                PDMA_load_next_buffer
 .text.get_channel_id_from_status
                0x00006630       0xb0 E:\marmote\firmware\MainBoard\lwIPTest\SoftConsole\lwIPTest_MSS_MSS_CM3_0\lwIPTest_MSS_MSS_CM3_0_hw_platform\Debug\liblwIPTest_MSS_MSS_CM3_0_hw_platform.a(mss_pdma.o)
 .text.DMA_IRQHandler
                0x000066e0       0x80 E:\marmote\firmware\MainBoard\lwIPTest\SoftConsole\lwIPTest_MSS_MSS_CM3_0\lwIPTest_MSS_MSS_CM3_0_hw_platform\Debug\liblwIPTest_MSS_MSS_CM3_0_hw_platform.a(mss_pdma.o)
                0x000066e0                DMA_IRQHandler
 .text.PDMA_set_irq_handler
                0x00006760       0x5c E:\marmote\firmware\MainBoard\lwIPTest\SoftConsole\lwIPTest_MSS_MSS_CM3_0\lwIPTest_MSS_MSS_CM3_0_hw_platform\Debug\liblwIPTest_MSS_MSS_CM3_0_hw_platform.a(mss_pdma.o)
                0x00006760                PDMA_set_irq_handler
 .text.PDMA_enable_irq
                0x000067bc       0x4c E:\marmote\firmware\MainBoard\lwIPTest\SoftConsole\lwIPTest_MSS_MSS_CM3_0\lwIPTest_MSS_MSS_CM3_0_hw_platform\Debug\liblwIPTest_MSS_MSS_CM3_0_hw_platform.a(mss_pdma.o)
                0x000067bc                PDMA_enable_irq
 .text.MSS_MAC_init
                0x00006808      0x318 E:\marmote\firmware\MainBoard\lwIPTest\SoftConsole\lwIPTest_MSS_MSS_CM3_0\lwIPTest_MSS_MSS_CM3_0_hw_platform\Debug\liblwIPTest_MSS_MSS_CM3_0_hw_platform.a(mss_ethernet_mac.o)
                0x00006808                MSS_MAC_init
 .text.MSS_MAC_configure
                0x00006b20      0x238 E:\marmote\firmware\MainBoard\lwIPTest\SoftConsole\lwIPTest_MSS_MSS_CM3_0\lwIPTest_MSS_MSS_CM3_0_hw_platform\Debug\liblwIPTest_MSS_MSS_CM3_0_hw_platform.a(mss_ethernet_mac.o)
                0x00006b20                MSS_MAC_configure
 .text.MSS_MAC_get_configuration
                0x00006d58      0x150 E:\marmote\firmware\MainBoard\lwIPTest\SoftConsole\lwIPTest_MSS_MSS_CM3_0\lwIPTest_MSS_MSS_CM3_0_hw_platform\Debug\liblwIPTest_MSS_MSS_CM3_0_hw_platform.a(mss_ethernet_mac.o)
                0x00006d58                MSS_MAC_get_configuration
 .text.MSS_MAC_tx_packet
                0x00006ea8      0x428 E:\marmote\firmware\MainBoard\lwIPTest\SoftConsole\lwIPTest_MSS_MSS_CM3_0\lwIPTest_MSS_MSS_CM3_0_hw_platform\Debug\liblwIPTest_MSS_MSS_CM3_0_hw_platform.a(mss_ethernet_mac.o)
                0x00006ea8                MSS_MAC_tx_packet
 .text.MSS_MAC_rx_packet
                0x000072d0      0x154 E:\marmote\firmware\MainBoard\lwIPTest\SoftConsole\lwIPTest_MSS_MSS_CM3_0\lwIPTest_MSS_MSS_CM3_0_hw_platform\Debug\liblwIPTest_MSS_MSS_CM3_0_hw_platform.a(mss_ethernet_mac.o)
                0x000072d0                MSS_MAC_rx_packet
 .text.MSS_MAC_link_status
                0x00007424       0x3c E:\marmote\firmware\MainBoard\lwIPTest\SoftConsole\lwIPTest_MSS_MSS_CM3_0\lwIPTest_MSS_MSS_CM3_0_hw_platform\Debug\liblwIPTest_MSS_MSS_CM3_0_hw_platform.a(mss_ethernet_mac.o)
                0x00007424                MSS_MAC_link_status
 .text.MSS_MAC_auto_setup_link
                0x00007460       0xb8 E:\marmote\firmware\MainBoard\lwIPTest\SoftConsole\lwIPTest_MSS_MSS_CM3_0\lwIPTest_MSS_MSS_CM3_0_hw_platform\Debug\liblwIPTest_MSS_MSS_CM3_0_hw_platform.a(mss_ethernet_mac.o)
                0x00007460                MSS_MAC_auto_setup_link
 .text.MSS_MAC_set_mac_address
                0x00007518       0x9c E:\marmote\firmware\MainBoard\lwIPTest\SoftConsole\lwIPTest_MSS_MSS_CM3_0\lwIPTest_MSS_MSS_CM3_0_hw_platform\Debug\liblwIPTest_MSS_MSS_CM3_0_hw_platform.a(mss_ethernet_mac.o)
                0x00007518                MSS_MAC_set_mac_address
 .text.MSS_MAC_set_mac_filters
                0x000075b4      0x190 E:\marmote\firmware\MainBoard\lwIPTest\SoftConsole\lwIPTest_MSS_MSS_CM3_0\lwIPTest_MSS_MSS_CM3_0_hw_platform\Debug\liblwIPTest_MSS_MSS_CM3_0_hw_platform.a(mss_ethernet_mac.o)
                0x000075b4                MSS_MAC_set_mac_filters
 .text.EthernetMAC_IRQHandler
                0x00007744       0xf8 E:\marmote\firmware\MainBoard\lwIPTest\SoftConsole\lwIPTest_MSS_MSS_CM3_0\lwIPTest_MSS_MSS_CM3_0_hw_platform\Debug\liblwIPTest_MSS_MSS_CM3_0_hw_platform.a(mss_ethernet_mac.o)
                0x00007744                EthernetMAC_IRQHandler
 .text.MAC_test_instance
                0x0000783c       0x7c E:\marmote\firmware\MainBoard\lwIPTest\SoftConsole\lwIPTest_MSS_MSS_CM3_0\lwIPTest_MSS_MSS_CM3_0_hw_platform\Debug\liblwIPTest_MSS_MSS_CM3_0_hw_platform.a(mss_ethernet_mac.o)
 .text.MSS_MAC_prepare_rx_descriptor
                0x000078b8      0x27c E:\marmote\firmware\MainBoard\lwIPTest\SoftConsole\lwIPTest_MSS_MSS_CM3_0\lwIPTest_MSS_MSS_CM3_0_hw_platform\Debug\liblwIPTest_MSS_MSS_CM3_0_hw_platform.a(mss_ethernet_mac.o)
                0x000078b8                MSS_MAC_prepare_rx_descriptor
 .text.MAC_send_setup_frame
                0x00007b34      0x330 E:\marmote\firmware\MainBoard\lwIPTest\SoftConsole\lwIPTest_MSS_MSS_CM3_0\lwIPTest_MSS_MSS_CM3_0_hw_platform\Debug\liblwIPTest_MSS_MSS_CM3_0_hw_platform.a(mss_ethernet_mac.o)
 .text.MAC_stop_transmission
                0x00007e64       0x60 E:\marmote\firmware\MainBoard\lwIPTest\SoftConsole\lwIPTest_MSS_MSS_CM3_0\lwIPTest_MSS_MSS_CM3_0_hw_platform\Debug\liblwIPTest_MSS_MSS_CM3_0_hw_platform.a(mss_ethernet_mac.o)
 .text.MAC_start_transmission
                0x00007ec4       0x1c E:\marmote\firmware\MainBoard\lwIPTest\SoftConsole\lwIPTest_MSS_MSS_CM3_0\lwIPTest_MSS_MSS_CM3_0_hw_platform\Debug\liblwIPTest_MSS_MSS_CM3_0_hw_platform.a(mss_ethernet_mac.o)
 .text.MAC_stop_receiving
                0x00007ee0       0x60 E:\marmote\firmware\MainBoard\lwIPTest\SoftConsole\lwIPTest_MSS_MSS_CM3_0\lwIPTest_MSS_MSS_CM3_0_hw_platform\Debug\liblwIPTest_MSS_MSS_CM3_0_hw_platform.a(mss_ethernet_mac.o)
 .text.MAC_start_receiving
                0x00007f40       0x1c E:\marmote\firmware\MainBoard\lwIPTest\SoftConsole\lwIPTest_MSS_MSS_CM3_0\lwIPTest_MSS_MSS_CM3_0_hw_platform\Debug\liblwIPTest_MSS_MSS_CM3_0_hw_platform.a(mss_ethernet_mac.o)
 .text.MAC_dismiss_bad_frames
                0x00007f5c       0xa4 E:\marmote\firmware\MainBoard\lwIPTest\SoftConsole\lwIPTest_MSS_MSS_CM3_0\lwIPTest_MSS_MSS_CM3_0_hw_platform\Debug\liblwIPTest_MSS_MSS_CM3_0_hw_platform.a(mss_ethernet_mac.o)
 .text.MAC_set_time_out
                0x00008000       0x50 E:\marmote\firmware\MainBoard\lwIPTest\SoftConsole\lwIPTest_MSS_MSS_CM3_0\lwIPTest_MSS_MSS_CM3_0_hw_platform\Debug\liblwIPTest_MSS_MSS_CM3_0_hw_platform.a(mss_ethernet_mac.o)
 .text.MAC_get_time_out
                0x00008050       0xf4 E:\marmote\firmware\MainBoard\lwIPTest\SoftConsole\lwIPTest_MSS_MSS_CM3_0\lwIPTest_MSS_MSS_CM3_0_hw_platform\Debug\liblwIPTest_MSS_MSS_CM3_0_hw_platform.a(mss_ethernet_mac.o)
 .text.MAC_memset
                0x00008144       0x38 E:\marmote\firmware\MainBoard\lwIPTest\SoftConsole\lwIPTest_MSS_MSS_CM3_0\lwIPTest_MSS_MSS_CM3_0_hw_platform\Debug\liblwIPTest_MSS_MSS_CM3_0_hw_platform.a(mss_ethernet_mac.o)
 .text.MAC_memset_All
                0x0000817c      0x2cc E:\marmote\firmware\MainBoard\lwIPTest\SoftConsole\lwIPTest_MSS_MSS_CM3_0\lwIPTest_MSS_MSS_CM3_0_hw_platform\Debug\liblwIPTest_MSS_MSS_CM3_0_hw_platform.a(mss_ethernet_mac.o)
 .text.MAC_memcpy
                0x00008448       0x3c E:\marmote\firmware\MainBoard\lwIPTest\SoftConsole\lwIPTest_MSS_MSS_CM3_0\lwIPTest_MSS_MSS_CM3_0_hw_platform\Debug\liblwIPTest_MSS_MSS_CM3_0_hw_platform.a(mss_ethernet_mac.o)
 .text.MDIO_management_clock
                0x00008484       0x38 E:\marmote\firmware\MainBoard\lwIPTest\SoftConsole\lwIPTest_MSS_MSS_CM3_0\lwIPTest_MSS_MSS_CM3_0_hw_platform\Debug\liblwIPTest_MSS_MSS_CM3_0_hw_platform.a(phy.o)
 .text.MDIO_send_cmd
                0x000084bc      0x104 E:\marmote\firmware\MainBoard\lwIPTest\SoftConsole\lwIPTest_MSS_MSS_CM3_0\lwIPTest_MSS_MSS_CM3_0_hw_platform\Debug\liblwIPTest_MSS_MSS_CM3_0_hw_platform.a(phy.o)
 .text.MDIO_read
                0x000085c0       0x70 E:\marmote\firmware\MainBoard\lwIPTest\SoftConsole\lwIPTest_MSS_MSS_CM3_0\lwIPTest_MSS_MSS_CM3_0_hw_platform\Debug\liblwIPTest_MSS_MSS_CM3_0_hw_platform.a(phy.o)
 .text.MDIO_write
                0x00008630       0x74 E:\marmote\firmware\MainBoard\lwIPTest\SoftConsole\lwIPTest_MSS_MSS_CM3_0\lwIPTest_MSS_MSS_CM3_0_hw_platform\Debug\liblwIPTest_MSS_MSS_CM3_0_hw_platform.a(phy.o)
 .text.PHY_probe
                0x000086a4       0x8c E:\marmote\firmware\MainBoard\lwIPTest\SoftConsole\lwIPTest_MSS_MSS_CM3_0\lwIPTest_MSS_MSS_CM3_0_hw_platform\Debug\liblwIPTest_MSS_MSS_CM3_0_hw_platform.a(phy.o)
                0x000086a4                PHY_probe
 .text.PHY_reset
                0x00008730       0x54 E:\marmote\firmware\MainBoard\lwIPTest\SoftConsole\lwIPTest_MSS_MSS_CM3_0\lwIPTest_MSS_MSS_CM3_0_hw_platform\Debug\liblwIPTest_MSS_MSS_CM3_0_hw_platform.a(phy.o)
                0x00008730                PHY_reset
 .text.PHY_auto_negotiate
                0x00008784       0xb8 E:\marmote\firmware\MainBoard\lwIPTest\SoftConsole\lwIPTest_MSS_MSS_CM3_0\lwIPTest_MSS_MSS_CM3_0_hw_platform\Debug\liblwIPTest_MSS_MSS_CM3_0_hw_platform.a(phy.o)
                0x00008784                PHY_auto_negotiate
 .text.PHY_link_status
                0x0000883c       0x30 E:\marmote\firmware\MainBoard\lwIPTest\SoftConsole\lwIPTest_MSS_MSS_CM3_0\lwIPTest_MSS_MSS_CM3_0_hw_platform\Debug\liblwIPTest_MSS_MSS_CM3_0_hw_platform.a(phy.o)
                0x0000883c                PHY_link_status
 .text.PHY_link_type
                0x0000886c       0x48 E:\marmote\firmware\MainBoard\lwIPTest\SoftConsole\lwIPTest_MSS_MSS_CM3_0\lwIPTest_MSS_MSS_CM3_0_hw_platform\Debug\liblwIPTest_MSS_MSS_CM3_0_hw_platform.a(phy.o)
                0x0000886c                PHY_link_type
 .text.PHY_set_link_type
                0x000088b4       0x58 E:\marmote\firmware\MainBoard\lwIPTest\SoftConsole\lwIPTest_MSS_MSS_CM3_0\lwIPTest_MSS_MSS_CM3_0_hw_platform\Debug\liblwIPTest_MSS_MSS_CM3_0_hw_platform.a(phy.o)
                0x000088b4                PHY_set_link_type
 .text.SystemInit
                0x0000890c        0xc E:\marmote\firmware\MainBoard\lwIPTest\SoftConsole\lwIPTest_MSS_MSS_CM3_0\lwIPTest_MSS_MSS_CM3_0_hw_platform\Debug\liblwIPTest_MSS_MSS_CM3_0_hw_platform.a(system_a2fxxxm3.o)
                0x0000890c                SystemInit
 .text.SystemCoreClockUpdate
                0x00008918      0x150 E:\marmote\firmware\MainBoard\lwIPTest\SoftConsole\lwIPTest_MSS_MSS_CM3_0\lwIPTest_MSS_MSS_CM3_0_hw_platform\Debug\liblwIPTest_MSS_MSS_CM3_0_hw_platform.a(system_a2fxxxm3.o)
                0x00008918                SystemCoreClockUpdate
 .text.GetSystemClock
                0x00008a68       0xe8 E:\marmote\firmware\MainBoard\lwIPTest\SoftConsole\lwIPTest_MSS_MSS_CM3_0\lwIPTest_MSS_MSS_CM3_0_hw_platform\Debug\liblwIPTest_MSS_MSS_CM3_0_hw_platform.a(system_a2fxxxm3.o)
 .text.mss_mac_crc32
                0x00008b50       0x60 E:\marmote\firmware\MainBoard\lwIPTest\SoftConsole\lwIPTest_MSS_MSS_CM3_0\lwIPTest_MSS_MSS_CM3_0_hw_platform\Debug\liblwIPTest_MSS_MSS_CM3_0_hw_platform.a(crc32.o)
                0x00008b50                mss_mac_crc32
 .text.mss_ethernet_crc
                0x00008bb0       0x24 E:\marmote\firmware\MainBoard\lwIPTest\SoftConsole\lwIPTest_MSS_MSS_CM3_0\lwIPTest_MSS_MSS_CM3_0_hw_platform\Debug\liblwIPTest_MSS_MSS_CM3_0_hw_platform.a(crc32.o)
                0x00008bb0                mss_ethernet_crc
 .text          0x00008bd4       0x50 c:/microsemi/libero_v10.0/softconsole/sourcery-g++/bin/../lib/gcc/arm-none-eabi/4.4.1/../../../../arm-none-eabi/lib/thumb2\libc.a(lib_a-init.o)
                0x00008bd4                __libc_init_array
 .text          0x00008c24      0x190 c:/microsemi/libero_v10.0/softconsole/sourcery-g++/bin/../lib/gcc/arm-none-eabi/4.4.1/../../../../arm-none-eabi/lib/thumb2\libc.a(lib_a-memcpy.o)
                0x00008c24                memcpy
 .text          0x00008db4       0xd4 c:/microsemi/libero_v10.0/softconsole/sourcery-g++/bin/../lib/gcc/arm-none-eabi/4.4.1/../../../../arm-none-eabi/lib/thumb2\libc.a(lib_a-memset.o)
                0x00008db4                memset
 *(.plt)
 *(.gnu.warning)
 *(.glue_7t)
 .glue_7t       0x00000000        0x0 linker stubs
 *(.glue_7)
 .glue_7        0x00000000        0x0 linker stubs
 *(.vfp11_veneer)
 .vfp11_veneer  0x00000000        0x0 linker stubs
                0x00008e88                . = ALIGN (0x4)
 *crtbegin.o(.ctors)
 *(EXCLUDE_FILE(*crtend.o) .ctors)
 *(SORT(.ctors.*))
 *crtend.o(.ctors)
 *crtbegin.o(.dtors)
 *(EXCLUDE_FILE(*crtend.o) .dtors)
 *(SORT(.dtors.*))
 *crtend.o(.dtors)
 *(.rodata .rodata.* .gnu.linkonce.r.*)
 .rodata.ethbroadcast
                0x00008e88        0x8 ./lwip-1.4.0/src/netif/etharp.o
                0x00008e88                ethbroadcast
 .rodata.ethzero
                0x00008e90        0x8 ./lwip-1.4.0/src/netif/etharp.o
                0x00008e90                ethzero
 .rodata.memp_sizes
                0x00008e98       0x10 ./lwip-1.4.0/src/core/memp.o
 .rodata.memp_num
                0x00008ea8       0x10 ./lwip-1.4.0/src/core/memp.o
 .rodata.ip_addr_any
                0x00008eb8        0x4 ./lwip-1.4.0/src/core/ipv4/ip_addr.o
                0x00008eb8                ip_addr_any
 .rodata.src_dest_to_ctrl_reg_lut
                0x00008ebc       0x38 E:\marmote\firmware\MainBoard\lwIPTest\SoftConsole\lwIPTest_MSS_MSS_CM3_0\lwIPTest_MSS_MSS_CM3_0_hw_platform\Debug\liblwIPTest_MSS_MSS_CM3_0_hw_platform.a(mss_pdma.o)
                0x00008ebc                src_dest_to_ctrl_reg_lut
 .rodata.g_pdma_status_mask
                0x00008ef4       0x10 E:\marmote\firmware\MainBoard\lwIPTest\SoftConsole\lwIPTest_MSS_MSS_CM3_0\lwIPTest_MSS_MSS_CM3_0_hw_platform\Debug\liblwIPTest_MSS_MSS_CM3_0_hw_platform.a(mss_pdma.o)
 .rodata.C.18.2827
                0x00008f04        0x8 E:\marmote\firmware\MainBoard\lwIPTest\SoftConsole\lwIPTest_MSS_MSS_CM3_0\lwIPTest_MSS_MSS_CM3_0_hw_platform\Debug\liblwIPTest_MSS_MSS_CM3_0_hw_platform.a(mss_ethernet_mac.o)
 .rodata.C.18.2576
                0x00008f0c       0x10 E:\marmote\firmware\MainBoard\lwIPTest\SoftConsole\lwIPTest_MSS_MSS_CM3_0\lwIPTest_MSS_MSS_CM3_0_hw_platform\Debug\liblwIPTest_MSS_MSS_CM3_0_hw_platform.a(system_a2fxxxm3.o)
 .rodata.crc32_table
                0x00008f1c      0x400 E:\marmote\firmware\MainBoard\lwIPTest\SoftConsole\lwIPTest_MSS_MSS_CM3_0\lwIPTest_MSS_MSS_CM3_0_hw_platform\Debug\liblwIPTest_MSS_MSS_CM3_0_hw_platform.a(crc32.o)
 *(.ARM.extab* .gnu.linkonce.armextab.*)
 *(.gcc_except_table)
 *(.eh_frame_hdr)
 *(.eh_frame)
 *(.init)
 .init          0x0000931c        0x4 c:/microsemi/libero_v10.0/softconsole/sourcery-g++/bin/../lib/gcc/arm-none-eabi/4.4.1/thumb2/crti.o
                0x0000931c                _init
 .init          0x00009320        0x8 c:/microsemi/libero_v10.0/softconsole/sourcery-g++/bin/../lib/gcc/arm-none-eabi/4.4.1/thumb2/crtn.o
 *(.fini)
 .fini          0x00009328        0x4 c:/microsemi/libero_v10.0/softconsole/sourcery-g++/bin/../lib/gcc/arm-none-eabi/4.4.1/thumb2/crti.o
                0x00009328                _fini
 .fini          0x0000932c        0x8 c:/microsemi/libero_v10.0/softconsole/sourcery-g++/bin/../lib/gcc/arm-none-eabi/4.4.1/thumb2/crtn.o
                0x00009334                PROVIDE (__preinit_array_start, .)
 *(.preinit_array)
                0x00009334                PROVIDE (__preinit_array_end, .)
                0x00009334                PROVIDE (__init_array_start, .)
 *(SORT(.init_array.*))
 *(.init_array)
 .init_array    0x00009334        0x4 c:/microsemi/libero_v10.0/softconsole/sourcery-g++/bin/../lib/gcc/arm-none-eabi/4.4.1/thumb2/crtbegin.o
                0x00009338                PROVIDE (__init_array_end, .)
                0x00009338                PROVIDE (__fini_array_start, .)
 *(.fini_array)
 .fini_array    0x00009338        0x4 c:/microsemi/libero_v10.0/softconsole/sourcery-g++/bin/../lib/gcc/arm-none-eabi/4.4.1/thumb2/crtbegin.o
 *(SORT(.fini_array.*))
                0x0000933c                PROVIDE (__fini_array_end, .)
                0x0000933c                __exidx_start = .

.v4_bx          0x0000933c        0x0 load address 0x6000933c
 .v4_bx         0x00000000        0x0 linker stubs

.ARM.exidx
 *(.ARM.exidx* .gnu.linkonce.armexidx.*)
                0x0000933c                __exidx_end = .
                0x0000933c                _etext = .

.data           0x20000000       0x20 load address 0x6000933c
                0x6000933c                __data_load = LOADADDR (.data)
                0x6000933c                _sidata = LOADADDR (.data)
                0x20000000                __data_start = .
                0x20000000                _sdata = .
 *(.jcr)
 .jcr           0x20000000        0x0 c:/microsemi/libero_v10.0/softconsole/sourcery-g++/bin/../lib/gcc/arm-none-eabi/4.4.1/thumb2/crtbegin.o
 .jcr           0x20000000        0x4 c:/microsemi/libero_v10.0/softconsole/sourcery-g++/bin/../lib/gcc/arm-none-eabi/4.4.1/thumb2/crtend.o
 *(.got.plt)
 *(.got)
 *(.shdata)
 *(.data .data.* .gnu.linkonce.d.*)
 .data.next_DMA_buf
                0x20000004        0x1 ./main.o
 *fill*         0x20000005        0x3 00
 .data.SystemFrequency
                0x20000008        0x4 E:\marmote\firmware\MainBoard\lwIPTest\SoftConsole\lwIPTest_MSS_MSS_CM3_0\lwIPTest_MSS_MSS_CM3_0_hw_platform\Debug\liblwIPTest_MSS_MSS_CM3_0_hw_platform.a(system_a2fxxxm3.o)
                0x20000008                SystemFrequency
 .data.SystemCoreClock
                0x2000000c        0x4 E:\marmote\firmware\MainBoard\lwIPTest\SoftConsole\lwIPTest_MSS_MSS_CM3_0\lwIPTest_MSS_MSS_CM3_0_hw_platform\Debug\liblwIPTest_MSS_MSS_CM3_0_hw_platform.a(system_a2fxxxm3.o)
                0x2000000c                SystemCoreClock
 .data.g_FrequencyPCLK0
                0x20000010        0x4 E:\marmote\firmware\MainBoard\lwIPTest\SoftConsole\lwIPTest_MSS_MSS_CM3_0\lwIPTest_MSS_MSS_CM3_0_hw_platform\Debug\liblwIPTest_MSS_MSS_CM3_0_hw_platform.a(system_a2fxxxm3.o)
                0x20000010                g_FrequencyPCLK0
 .data.g_FrequencyPCLK1
                0x20000014        0x4 E:\marmote\firmware\MainBoard\lwIPTest\SoftConsole\lwIPTest_MSS_MSS_CM3_0\lwIPTest_MSS_MSS_CM3_0_hw_platform\Debug\liblwIPTest_MSS_MSS_CM3_0_hw_platform.a(system_a2fxxxm3.o)
                0x20000014                g_FrequencyPCLK1
 .data.g_FrequencyACE
                0x20000018        0x4 E:\marmote\firmware\MainBoard\lwIPTest\SoftConsole\lwIPTest_MSS_MSS_CM3_0\lwIPTest_MSS_MSS_CM3_0_hw_platform\Debug\liblwIPTest_MSS_MSS_CM3_0_hw_platform.a(system_a2fxxxm3.o)
                0x20000018                g_FrequencyACE
 .data.g_FrequencyFPGA
                0x2000001c        0x4 E:\marmote\firmware\MainBoard\lwIPTest\SoftConsole\lwIPTest_MSS_MSS_CM3_0\lwIPTest_MSS_MSS_CM3_0_hw_platform\Debug\liblwIPTest_MSS_MSS_CM3_0_hw_platform.a(system_a2fxxxm3.o)
                0x2000001c                g_FrequencyFPGA
                0x20000020                . = ALIGN (0x4)
                0x20000020                _edata = .

.bss            0x20000020     0x95d0 load address 0x6000935c
                0x20000020                __bss_start__ = .
                0x20000020                _sbss = .
 *(.shbss)
 *(.bss .bss.* .gnu.linkonce.b.*)
 .bss           0x20000020        0x1 c:/microsemi/libero_v10.0/softconsole/sourcery-g++/bin/../lib/gcc/arm-none-eabi/4.4.1/thumb2/crtbegin.o
 *fill*         0x20000021        0x7 00
 .bss.System_ticks
                0x20000028        0x8 ./main.o
 .bss.still_working_on_last_data
                0x20000030        0x1 ./main.o
                0x20000030                still_working_on_last_data
 .bss.DMA_buf   0x20000031        0x1 ./main.o
 .bss.NET_buf   0x20000032        0x1 ./main.o
 *fill*         0x20000033        0x1 00
 .bss.buffer    0x20000034      0x600 ./main.o
 .bss.BurstCounter
                0x20000634        0x1 ./main.o
 .bss.state.3388
                0x20000635        0x1 ./main.o
 *fill*         0x20000636        0x2 00
 .bss.counter.3333
                0x20000638        0x4 ./main.o
 .bss.arp_table
                0x2000063c       0xa0 ./lwip-1.4.0/src/netif/etharp.o
 .bss.etharp_cached_entry
                0x200006dc        0x1 ./lwip-1.4.0/src/netif/etharp.o
 *fill*         0x200006dd        0x3 00
 .bss.ram       0x200006e0        0x4 ./lwip-1.4.0/src/core/mem.o
 .bss.ram_end   0x200006e4        0x4 ./lwip-1.4.0/src/core/mem.o
 .bss.lfree     0x200006e8        0x4 ./lwip-1.4.0/src/core/mem.o
 .bss.memp_tab  0x200006ec       0x1c ./lwip-1.4.0/src/core/memp.o
 .bss.memp_memory
                0x20000708     0x2a2c ./lwip-1.4.0/src/core/memp.o
 .bss.netifnum.1671
                0x20003134        0x1 ./lwip-1.4.0/src/core/netif.o
 *fill*         0x20003135        0x3 00
 .bss.raw_pcbs  0x20003138        0x4 ./lwip-1.4.0/src/core/raw.o
 .bss.next_timeout
                0x2000313c        0x4 ./lwip-1.4.0/src/core/timers.o
 .bss.timeouts_last_time
                0x20003140        0x4 ./lwip-1.4.0/src/core/timers.o
 .bss.ip_id     0x20003144        0x2 ./lwip-1.4.0/src/core/ipv4/ip.o
 *fill*         0x20003146        0x2 00
 .bss.reassdatagrams
                0x20003148        0x4 ./lwip-1.4.0/src/core/ipv4/ip_frag.o
 .bss.ip_reass_pbufcount
                0x2000314c        0x2 ./lwip-1.4.0/src/core/ipv4/ip_frag.o
 *fill*         0x2000314e        0x2 00
 .bss.g_pdma_next_channel
                0x20003150        0x8 E:\marmote\firmware\MainBoard\lwIPTest\SoftConsole\lwIPTest_MSS_MSS_CM3_0\lwIPTest_MSS_MSS_CM3_0_hw_platform\Debug\liblwIPTest_MSS_MSS_CM3_0_hw_platform.a(mss_pdma.o)
 .bss.g_pdma_started_a
                0x20003158        0x8 E:\marmote\firmware\MainBoard\lwIPTest\SoftConsole\lwIPTest_MSS_MSS_CM3_0\lwIPTest_MSS_MSS_CM3_0_hw_platform\Debug\liblwIPTest_MSS_MSS_CM3_0_hw_platform.a(mss_pdma.o)
 .bss.g_pdma_started_b
                0x20003160        0x8 E:\marmote\firmware\MainBoard\lwIPTest\SoftConsole\lwIPTest_MSS_MSS_CM3_0\lwIPTest_MSS_MSS_CM3_0_hw_platform\Debug\liblwIPTest_MSS_MSS_CM3_0_hw_platform.a(mss_pdma.o)
 .bss.g_pdma_isr_table
                0x20003168       0x20 E:\marmote\firmware\MainBoard\lwIPTest\SoftConsole\lwIPTest_MSS_MSS_CM3_0\lwIPTest_MSS_MSS_CM3_0_hw_platform\Debug\liblwIPTest_MSS_MSS_CM3_0_hw_platform.a(mss_pdma.o)
 .bss.NULL_instance
                0x20003188        0x4 E:\marmote\firmware\MainBoard\lwIPTest\SoftConsole\lwIPTest_MSS_MSS_CM3_0\lwIPTest_MSS_MSS_CM3_0_hw_platform\Debug\liblwIPTest_MSS_MSS_CM3_0_hw_platform.a(mss_ethernet_mac.o)
 .bss.NULL_buffer
                0x2000318c        0x4 E:\marmote\firmware\MainBoard\lwIPTest\SoftConsole\lwIPTest_MSS_MSS_CM3_0\lwIPTest_MSS_MSS_CM3_0_hw_platform\Debug\liblwIPTest_MSS_MSS_CM3_0_hw_platform.a(mss_ethernet_mac.o)
 .bss.NULL_callback
                0x20003190        0x4 E:\marmote\firmware\MainBoard\lwIPTest\SoftConsole\lwIPTest_MSS_MSS_CM3_0\lwIPTest_MSS_MSS_CM3_0_hw_platform\Debug\liblwIPTest_MSS_MSS_CM3_0_hw_platform.a(mss_ethernet_mac.o)
 *(COMMON)
 COMMON         0x20003194     0x3e94 ./lwip-1.4.0/src/core/mem.o
                0x20003194                ram_heap
 COMMON         0x20007028        0x8 ./lwip-1.4.0/src/core/netif.o
                0x20007028                netif_list
                0x2000702c                netif_default
 COMMON         0x20007030       0xe0 ./lwip-1.4.0/src/core/stats.o
                0x20007030                lwip_stats
 COMMON         0x20007110        0x4 ./lwip-1.4.0/src/core/udp.o
                0x20007110                udp_pcbs
 COMMON         0x20007114       0x10 ./lwip-1.4.0/src/core/ipv4/ip.o
                0x20007114                current_iphdr_src
                0x20007118                current_netif
                0x2000711c                current_iphdr_dest
                0x20007120                current_header
 COMMON         0x20007124     0x24cc E:\marmote\firmware\MainBoard\lwIPTest\SoftConsole\lwIPTest_MSS_MSS_CM3_0\lwIPTest_MSS_MSS_CM3_0_hw_platform\Debug\liblwIPTest_MSS_MSS_CM3_0_hw_platform.a(mss_ethernet_mac.o)
                0x20007124                g_mss_mac
                0x200095f0                . = ALIGN (0x8)
                0x200095f0                __bss_end__ = .
                0x200095f0                _end = .
                0x200095f0                __end = _end
                0x200095f0                _ebss = .
                0x200095f0                PROVIDE (end, .)

.stab
 *(.stab)

.stabstr
 *(.stabstr)

.debug
 *(.debug)

.line
 *(.line)

.debug_srcinfo
 *(.debug_srcinfo)

.debug_sfnames
 *(.debug_sfnames)

.comment        0x00000000      0x891
 .comment       0x00000000       0x2b ./SmartFusionethernetif.o
 .comment       0x0000002b       0x2b ./main.o
 .comment       0x00000056       0x2b ./sampleserver.o
 .comment       0x00000081       0x2b ./lwip-1.4.0/src/netif/etharp.o
 .comment       0x000000ac       0x2b ./lwip-1.4.0/src/netif/ethernetif.o
 .comment       0x000000d7       0x2b ./lwip-1.4.0/src/netif/slipif.o
 .comment       0x00000102       0x2b ./lwip-1.4.0/src/core/def.o
 .comment       0x0000012d       0x2b ./lwip-1.4.0/src/core/dhcp.o
 .comment       0x00000158       0x2b ./lwip-1.4.0/src/core/dns.o
 .comment       0x00000183       0x2b ./lwip-1.4.0/src/core/init.o
 .comment       0x000001ae       0x2b ./lwip-1.4.0/src/core/mem.o
 .comment       0x000001d9       0x2b ./lwip-1.4.0/src/core/memp.o
 .comment       0x00000204       0x2b ./lwip-1.4.0/src/core/netif.o
 .comment       0x0000022f       0x2b ./lwip-1.4.0/src/core/pbuf.o
 .comment       0x0000025a       0x2b ./lwip-1.4.0/src/core/raw.o
 .comment       0x00000285       0x2b ./lwip-1.4.0/src/core/stats.o
 .comment       0x000002b0       0x2b ./lwip-1.4.0/src/core/sys.o
 .comment       0x000002db       0x2b ./lwip-1.4.0/src/core/tcp.o
 .comment       0x00000306       0x2b ./lwip-1.4.0/src/core/tcp_in.o
 .comment       0x00000331       0x2b ./lwip-1.4.0/src/core/tcp_out.o
 .comment       0x0000035c       0x2b ./lwip-1.4.0/src/core/timers.o
 .comment       0x00000387       0x2b ./lwip-1.4.0/src/core/udp.o
 .comment       0x000003b2       0x2b ./lwip-1.4.0/src/core/snmp/asn1_dec.o
 .comment       0x000003dd       0x2b ./lwip-1.4.0/src/core/snmp/asn1_enc.o
 .comment       0x00000408       0x2b ./lwip-1.4.0/src/core/snmp/mib2.o
 .comment       0x00000433       0x2b ./lwip-1.4.0/src/core/snmp/mib_structs.o
 .comment       0x0000045e       0x2b ./lwip-1.4.0/src/core/snmp/msg_in.o
 .comment       0x00000489       0x2b ./lwip-1.4.0/src/core/snmp/msg_out.o
 .comment       0x000004b4       0x2b ./lwip-1.4.0/src/core/ipv4/autoip.o
 .comment       0x000004df       0x2b ./lwip-1.4.0/src/core/ipv4/icmp.o
 .comment       0x0000050a       0x2b ./lwip-1.4.0/src/core/ipv4/igmp.o
 .comment       0x00000535       0x2b ./lwip-1.4.0/src/core/ipv4/inet.o
 .comment       0x00000560       0x2b ./lwip-1.4.0/src/core/ipv4/inet_chksum.o
 .comment       0x0000058b       0x2b ./lwip-1.4.0/src/core/ipv4/ip.o
 .comment       0x000005b6       0x2b ./lwip-1.4.0/src/core/ipv4/ip_addr.o
 .comment       0x000005e1       0x2b ./lwip-1.4.0/src/core/ipv4/ip_frag.o
 .comment       0x0000060c       0x2b ./lwip-1.4.0/src/api/api_lib.o
 .comment       0x00000637       0x2b ./lwip-1.4.0/src/api/api_msg.o
 .comment       0x00000662       0x2b ./lwip-1.4.0/src/api/err.o
 .comment       0x0000068d       0x2b ./lwip-1.4.0/src/api/netbuf.o
 .comment       0x000006b8       0x2b ./lwip-1.4.0/src/api/netdb.o
 .comment       0x000006e3       0x2b ./lwip-1.4.0/src/api/netifapi.o
 .comment       0x0000070e       0x2b ./lwip-1.4.0/src/api/sockets.o
 .comment       0x00000739       0x2b ./lwip-1.4.0/src/api/tcpip.o
 .comment       0x00000764       0x2b ./arch/sys_arch.o
 .comment       0x0000078f       0x2b E:/marmote/firmware/MainBoard/lwIPTest/SoftConsole/lwIPTest_MSS_MSS_CM3_0/lwIPTest_MSS_MSS_CM3_0_hw_platform/Debug/CMSIS/startup_gcc/newlib_stubs.o
 .comment       0x000007ba       0x2b E:\marmote\firmware\MainBoard\lwIPTest\SoftConsole\lwIPTest_MSS_MSS_CM3_0\lwIPTest_MSS_MSS_CM3_0_hw_platform\Debug\liblwIPTest_MSS_MSS_CM3_0_hw_platform.a(mss_pdma.o)
 .comment       0x000007e5       0x2b E:\marmote\firmware\MainBoard\lwIPTest\SoftConsole\lwIPTest_MSS_MSS_CM3_0\lwIPTest_MSS_MSS_CM3_0_hw_platform\Debug\liblwIPTest_MSS_MSS_CM3_0_hw_platform.a(mss_ethernet_mac.o)
 .comment       0x00000810       0x2b E:\marmote\firmware\MainBoard\lwIPTest\SoftConsole\lwIPTest_MSS_MSS_CM3_0\lwIPTest_MSS_MSS_CM3_0_hw_platform\Debug\liblwIPTest_MSS_MSS_CM3_0_hw_platform.a(phy.o)
 .comment       0x0000083b       0x2b E:\marmote\firmware\MainBoard\lwIPTest\SoftConsole\lwIPTest_MSS_MSS_CM3_0\lwIPTest_MSS_MSS_CM3_0_hw_platform\Debug\liblwIPTest_MSS_MSS_CM3_0_hw_platform.a(system_a2fxxxm3.o)
 .comment       0x00000866       0x2b E:\marmote\firmware\MainBoard\lwIPTest\SoftConsole\lwIPTest_MSS_MSS_CM3_0\lwIPTest_MSS_MSS_CM3_0_hw_platform\Debug\liblwIPTest_MSS_MSS_CM3_0_hw_platform.a(crc32.o)

.debug_aranges  0x00000000      0x908
 *(.debug_aranges)
 .debug_aranges
                0x00000000       0x40 ./SmartFusionethernetif.o
 .debug_aranges
                0x00000040       0xa8 ./main.o
 .debug_aranges
                0x000000e8       0x30 ./sampleserver.o
 .debug_aranges
                0x00000118       0x78 ./lwip-1.4.0/src/netif/etharp.o
 .debug_aranges
                0x00000190       0x38 ./lwip-1.4.0/src/core/def.o
 .debug_aranges
                0x000001c8       0x20 ./lwip-1.4.0/src/core/init.o
 .debug_aranges
                0x000001e8       0x48 ./lwip-1.4.0/src/core/mem.o
 .debug_aranges
                0x00000230       0x30 ./lwip-1.4.0/src/core/memp.o
 .debug_aranges
                0x00000260       0x80 ./lwip-1.4.0/src/core/netif.o
 .debug_aranges
                0x000002e0       0xa8 ./lwip-1.4.0/src/core/pbuf.o
 .debug_aranges
                0x00000388       0x58 ./lwip-1.4.0/src/core/raw.o
 .debug_aranges
                0x000003e0       0x20 ./lwip-1.4.0/src/core/stats.o
 .debug_aranges
                0x00000400       0x50 ./lwip-1.4.0/src/core/timers.o
 .debug_aranges
                0x00000450       0x68 ./lwip-1.4.0/src/core/udp.o
 .debug_aranges
                0x000004b8       0x38 ./lwip-1.4.0/src/core/ipv4/icmp.o
 .debug_aranges
                0x000004f0       0x40 ./lwip-1.4.0/src/core/ipv4/inet_chksum.o
 .debug_aranges
                0x00000530       0x38 ./lwip-1.4.0/src/core/ipv4/ip.o
 .debug_aranges
                0x00000568       0x48 ./lwip-1.4.0/src/core/ipv4/ip_addr.o
 .debug_aranges
                0x000005b0       0x70 ./lwip-1.4.0/src/core/ipv4/ip_frag.o
 .debug_aranges
                0x00000620       0xa8 E:/marmote/firmware/MainBoard/lwIPTest/SoftConsole/lwIPTest_MSS_MSS_CM3_0/lwIPTest_MSS_MSS_CM3_0_hw_platform/Debug/CMSIS/startup_gcc/newlib_stubs.o
 .debug_aranges
                0x000006c8       0x78 E:\marmote\firmware\MainBoard\lwIPTest\SoftConsole\lwIPTest_MSS_MSS_CM3_0\lwIPTest_MSS_MSS_CM3_0_hw_platform\Debug\liblwIPTest_MSS_MSS_CM3_0_hw_platform.a(mss_pdma.o)
 .debug_aranges
                0x00000740      0x100 E:\marmote\firmware\MainBoard\lwIPTest\SoftConsole\lwIPTest_MSS_MSS_CM3_0\lwIPTest_MSS_MSS_CM3_0_hw_platform\Debug\liblwIPTest_MSS_MSS_CM3_0_hw_platform.a(mss_ethernet_mac.o)
 .debug_aranges
                0x00000840       0x70 E:\marmote\firmware\MainBoard\lwIPTest\SoftConsole\lwIPTest_MSS_MSS_CM3_0\lwIPTest_MSS_MSS_CM3_0_hw_platform\Debug\liblwIPTest_MSS_MSS_CM3_0_hw_platform.a(phy.o)
 .debug_aranges
                0x000008b0       0x30 E:\marmote\firmware\MainBoard\lwIPTest\SoftConsole\lwIPTest_MSS_MSS_CM3_0\lwIPTest_MSS_MSS_CM3_0_hw_platform\Debug\liblwIPTest_MSS_MSS_CM3_0_hw_platform.a(system_a2fxxxm3.o)
 .debug_aranges
                0x000008e0       0x28 E:\marmote\firmware\MainBoard\lwIPTest\SoftConsole\lwIPTest_MSS_MSS_CM3_0\lwIPTest_MSS_MSS_CM3_0_hw_platform\Debug\liblwIPTest_MSS_MSS_CM3_0_hw_platform.a(crc32.o)

.debug_pubnames
                0x00000000      0xeaa
 *(.debug_pubnames)
 .debug_pubnames
                0x00000000       0x3b ./SmartFusionethernetif.o
 .debug_pubnames
                0x0000003b       0xe2 ./main.o
 .debug_pubnames
                0x0000011d       0x44 ./sampleserver.o
 .debug_pubnames
                0x00000161       0x9c ./lwip-1.4.0/src/netif/etharp.o
 .debug_pubnames
                0x000001fd       0x4e ./lwip-1.4.0/src/core/def.o
 .debug_pubnames
                0x0000024b       0x20 ./lwip-1.4.0/src/core/init.o
 .debug_pubnames
                0x0000026b       0x64 ./lwip-1.4.0/src/core/mem.o
 .debug_pubnames
                0x000002cf       0x3e ./lwip-1.4.0/src/core/memp.o
 .debug_pubnames
                0x0000030d      0x127 ./lwip-1.4.0/src/core/netif.o
 .debug_pubnames
                0x00000434      0x135 ./lwip-1.4.0/src/core/pbuf.o
 .debug_pubnames
                0x00000569       0x81 ./lwip-1.4.0/src/core/raw.o
 .debug_pubnames
                0x000005ea       0x30 ./lwip-1.4.0/src/core/stats.o
 .debug_pubnames
                0x0000061a       0x7a ./lwip-1.4.0/src/core/timers.o
 .debug_pubnames
                0x00000694       0xb3 ./lwip-1.4.0/src/core/udp.o
 .debug_pubnames
                0x00000747       0x4e ./lwip-1.4.0/src/core/ipv4/icmp.o
 .debug_pubnames
                0x00000795       0x6d ./lwip-1.4.0/src/core/ipv4/inet_chksum.o
 .debug_pubnames
                0x00000802       0x9d ./lwip-1.4.0/src/core/ipv4/ip.o
 .debug_pubnames
                0x0000089f       0xae ./lwip-1.4.0/src/core/ipv4/ip_addr.o
 .debug_pubnames
                0x0000094d       0x3c ./lwip-1.4.0/src/core/ipv4/ip_frag.o
 .debug_pubnames
                0x00000989       0xeb E:/marmote/firmware/MainBoard/lwIPTest/SoftConsole/lwIPTest_MSS_MSS_CM3_0/lwIPTest_MSS_MSS_CM3_0_hw_platform/Debug/CMSIS/startup_gcc/newlib_stubs.o
 .debug_pubnames
                0x00000a74       0xdc E:\marmote\firmware\MainBoard\lwIPTest\SoftConsole\lwIPTest_MSS_MSS_CM3_0\lwIPTest_MSS_MSS_CM3_0_hw_platform\Debug\liblwIPTest_MSS_MSS_CM3_0_hw_platform.a(mss_pdma.o)
 .debug_pubnames
                0x00000b50      0x1d7 E:\marmote\firmware\MainBoard\lwIPTest\SoftConsole\lwIPTest_MSS_MSS_CM3_0\lwIPTest_MSS_MSS_CM3_0_hw_platform\Debug\liblwIPTest_MSS_MSS_CM3_0_hw_platform.a(mss_ethernet_mac.o)
 .debug_pubnames
                0x00000d27       0x96 E:\marmote\firmware\MainBoard\lwIPTest\SoftConsole\lwIPTest_MSS_MSS_CM3_0\lwIPTest_MSS_MSS_CM3_0_hw_platform\Debug\liblwIPTest_MSS_MSS_CM3_0_hw_platform.a(phy.o)
 .debug_pubnames
                0x00000dbd       0xb4 E:\marmote\firmware\MainBoard\lwIPTest\SoftConsole\lwIPTest_MSS_MSS_CM3_0\lwIPTest_MSS_MSS_CM3_0_hw_platform\Debug\liblwIPTest_MSS_MSS_CM3_0_hw_platform.a(system_a2fxxxm3.o)
 .debug_pubnames
                0x00000e71       0x39 E:\marmote\firmware\MainBoard\lwIPTest\SoftConsole\lwIPTest_MSS_MSS_CM3_0\lwIPTest_MSS_MSS_CM3_0_hw_platform\Debug\liblwIPTest_MSS_MSS_CM3_0_hw_platform.a(crc32.o)

.debug_info     0x00000000     0xc68d
 *(.debug_info .gnu.linkonce.wi.*)
 .debug_info    0x00000000      0x6e7 ./SmartFusionethernetif.o
 .debug_info    0x000006e7     0x13ba ./main.o
 .debug_info    0x00001aa1      0x3ca ./sampleserver.o
 .debug_info    0x00001e6b      0xc59 ./lwip-1.4.0/src/netif/etharp.o
 .debug_info    0x00002ac4       0x54 ./lwip-1.4.0/src/netif/ethernetif.o
 .debug_info    0x00002b18       0x5e ./lwip-1.4.0/src/netif/slipif.o
 .debug_info    0x00002b76      0x112 ./lwip-1.4.0/src/core/def.o
 .debug_info    0x00002c88       0x54 ./lwip-1.4.0/src/core/dhcp.o
 .debug_info    0x00002cdc       0x54 ./lwip-1.4.0/src/core/dns.o
 .debug_info    0x00002d30       0x78 ./lwip-1.4.0/src/core/init.o
 .debug_info    0x00002da8      0x4f3 ./lwip-1.4.0/src/core/mem.o
 .debug_info    0x0000329b      0x3f0 ./lwip-1.4.0/src/core/memp.o
 .debug_info    0x0000368b      0x5ef ./lwip-1.4.0/src/core/netif.o
 .debug_info    0x00003c7a      0x965 ./lwip-1.4.0/src/core/pbuf.o
 .debug_info    0x000045df      0x751 ./lwip-1.4.0/src/core/raw.o
 .debug_info    0x00004d30      0x250 ./lwip-1.4.0/src/core/stats.o
 .debug_info    0x00004f80       0x54 ./lwip-1.4.0/src/core/sys.o
 .debug_info    0x00004fd4       0x54 ./lwip-1.4.0/src/core/tcp.o
 .debug_info    0x00005028       0x54 ./lwip-1.4.0/src/core/tcp_in.o
 .debug_info    0x0000507c       0x54 ./lwip-1.4.0/src/core/tcp_out.o
 .debug_info    0x000050d0      0x2de ./lwip-1.4.0/src/core/timers.o
 .debug_info    0x000053ae      0xafd ./lwip-1.4.0/src/core/udp.o
 .debug_info    0x00005eab       0x54 ./lwip-1.4.0/src/core/snmp/asn1_dec.o
 .debug_info    0x00005eff       0x54 ./lwip-1.4.0/src/core/snmp/asn1_enc.o
 .debug_info    0x00005f53       0x54 ./lwip-1.4.0/src/core/snmp/mib2.o
 .debug_info    0x00005fa7       0x54 ./lwip-1.4.0/src/core/snmp/mib_structs.o
 .debug_info    0x00005ffb       0x54 ./lwip-1.4.0/src/core/snmp/msg_in.o
 .debug_info    0x0000604f       0x54 ./lwip-1.4.0/src/core/snmp/msg_out.o
 .debug_info    0x000060a3       0x54 ./lwip-1.4.0/src/core/ipv4/autoip.o
 .debug_info    0x000060f7      0x7e7 ./lwip-1.4.0/src/core/ipv4/icmp.o
 .debug_info    0x000068de       0x54 ./lwip-1.4.0/src/core/ipv4/igmp.o
 .debug_info    0x00006932       0x57 ./lwip-1.4.0/src/core/ipv4/inet.o
 .debug_info    0x00006989      0x3bb ./lwip-1.4.0/src/core/ipv4/inet_chksum.o
 .debug_info    0x00006d44      0x7f1 ./lwip-1.4.0/src/core/ipv4/ip.o
 .debug_info    0x00007535      0x57e ./lwip-1.4.0/src/core/ipv4/ip_addr.o
 .debug_info    0x00007ab3      0xbfd ./lwip-1.4.0/src/core/ipv4/ip_frag.o
 .debug_info    0x000086b0       0x54 ./lwip-1.4.0/src/api/api_lib.o
 .debug_info    0x00008704       0x54 ./lwip-1.4.0/src/api/api_msg.o
 .debug_info    0x00008758       0x54 ./lwip-1.4.0/src/api/err.o
 .debug_info    0x000087ac       0x54 ./lwip-1.4.0/src/api/netbuf.o
 .debug_info    0x00008800       0x54 ./lwip-1.4.0/src/api/netdb.o
 .debug_info    0x00008854       0x54 ./lwip-1.4.0/src/api/netifapi.o
 .debug_info    0x000088a8       0x54 ./lwip-1.4.0/src/api/sockets.o
 .debug_info    0x000088fc       0x54 ./lwip-1.4.0/src/api/tcpip.o
 .debug_info    0x00008950       0x54 ./arch/sys_arch.o
 .debug_info    0x000089a4      0x6bf E:/marmote/firmware/MainBoard/lwIPTest/SoftConsole/lwIPTest_MSS_MSS_CM3_0/lwIPTest_MSS_MSS_CM3_0_hw_platform/Debug/CMSIS/startup_gcc/newlib_stubs.o
 .debug_info    0x00009063      0xe0d E:\marmote\firmware\MainBoard\lwIPTest\SoftConsole\lwIPTest_MSS_MSS_CM3_0\lwIPTest_MSS_MSS_CM3_0_hw_platform\Debug\liblwIPTest_MSS_MSS_CM3_0_hw_platform.a(mss_pdma.o)
 .debug_info    0x00009e70     0x144d E:\marmote\firmware\MainBoard\lwIPTest\SoftConsole\lwIPTest_MSS_MSS_CM3_0\lwIPTest_MSS_MSS_CM3_0_hw_platform\Debug\liblwIPTest_MSS_MSS_CM3_0_hw_platform.a(mss_ethernet_mac.o)
 .debug_info    0x0000b2bd      0xd48 E:\marmote\firmware\MainBoard\lwIPTest\SoftConsole\lwIPTest_MSS_MSS_CM3_0\lwIPTest_MSS_MSS_CM3_0_hw_platform\Debug\liblwIPTest_MSS_MSS_CM3_0_hw_platform.a(phy.o)
 .debug_info    0x0000c005      0x53c E:\marmote\firmware\MainBoard\lwIPTest\SoftConsole\lwIPTest_MSS_MSS_CM3_0\lwIPTest_MSS_MSS_CM3_0_hw_platform\Debug\liblwIPTest_MSS_MSS_CM3_0_hw_platform.a(system_a2fxxxm3.o)
 .debug_info    0x0000c541      0x14c E:\marmote\firmware\MainBoard\lwIPTest\SoftConsole\lwIPTest_MSS_MSS_CM3_0\lwIPTest_MSS_MSS_CM3_0_hw_platform\Debug\liblwIPTest_MSS_MSS_CM3_0_hw_platform.a(crc32.o)

.debug_abbrev   0x00000000     0x26c7
 *(.debug_abbrev)
 .debug_abbrev  0x00000000      0x185 ./SmartFusionethernetif.o
 .debug_abbrev  0x00000185      0x27f ./main.o
 .debug_abbrev  0x00000404      0x12b ./sampleserver.o
 .debug_abbrev  0x0000052f      0x1ec ./lwip-1.4.0/src/netif/etharp.o
 .debug_abbrev  0x0000071b       0x21 ./lwip-1.4.0/src/netif/ethernetif.o
 .debug_abbrev  0x0000073c       0x2a ./lwip-1.4.0/src/netif/slipif.o
 .debug_abbrev  0x00000766       0x6f ./lwip-1.4.0/src/core/def.o
 .debug_abbrev  0x000007d5       0x21 ./lwip-1.4.0/src/core/dhcp.o
 .debug_abbrev  0x000007f6       0x21 ./lwip-1.4.0/src/core/dns.o
 .debug_abbrev  0x00000817       0x41 ./lwip-1.4.0/src/core/init.o
 .debug_abbrev  0x00000858      0x175 ./lwip-1.4.0/src/core/mem.o
 .debug_abbrev  0x000009cd      0x145 ./lwip-1.4.0/src/core/memp.o
 .debug_abbrev  0x00000b12      0x190 ./lwip-1.4.0/src/core/netif.o
 .debug_abbrev  0x00000ca2      0x185 ./lwip-1.4.0/src/core/pbuf.o
 .debug_abbrev  0x00000e27      0x1a4 ./lwip-1.4.0/src/core/raw.o
 .debug_abbrev  0x00000fcb       0xa9 ./lwip-1.4.0/src/core/stats.o
 .debug_abbrev  0x00001074       0x21 ./lwip-1.4.0/src/core/sys.o
 .debug_abbrev  0x00001095       0x21 ./lwip-1.4.0/src/core/tcp.o
 .debug_abbrev  0x000010b6       0x21 ./lwip-1.4.0/src/core/tcp_in.o
 .debug_abbrev  0x000010d7       0x21 ./lwip-1.4.0/src/core/tcp_out.o
 .debug_abbrev  0x000010f8      0x157 ./lwip-1.4.0/src/core/timers.o
 .debug_abbrev  0x0000124f      0x1bb ./lwip-1.4.0/src/core/udp.o
 .debug_abbrev  0x0000140a       0x21 ./lwip-1.4.0/src/core/snmp/asn1_dec.o
 .debug_abbrev  0x0000142b       0x21 ./lwip-1.4.0/src/core/snmp/asn1_enc.o
 .debug_abbrev  0x0000144c       0x21 ./lwip-1.4.0/src/core/snmp/mib2.o
 .debug_abbrev  0x0000146d       0x21 ./lwip-1.4.0/src/core/snmp/mib_structs.o
 .debug_abbrev  0x0000148e       0x21 ./lwip-1.4.0/src/core/snmp/msg_in.o
 .debug_abbrev  0x000014af       0x21 ./lwip-1.4.0/src/core/snmp/msg_out.o
 .debug_abbrev  0x000014d0       0x21 ./lwip-1.4.0/src/core/ipv4/autoip.o
 .debug_abbrev  0x000014f1      0x1b1 ./lwip-1.4.0/src/core/ipv4/icmp.o
 .debug_abbrev  0x000016a2       0x21 ./lwip-1.4.0/src/core/ipv4/igmp.o
 .debug_abbrev  0x000016c3       0x2a ./lwip-1.4.0/src/core/ipv4/inet.o
 .debug_abbrev  0x000016ed      0x131 ./lwip-1.4.0/src/core/ipv4/inet_chksum.o
 .debug_abbrev  0x0000181e      0x17d ./lwip-1.4.0/src/core/ipv4/ip.o
 .debug_abbrev  0x0000199b      0x170 ./lwip-1.4.0/src/core/ipv4/ip_addr.o
 .debug_abbrev  0x00001b0b      0x1fa ./lwip-1.4.0/src/core/ipv4/ip_frag.o
 .debug_abbrev  0x00001d05       0x21 ./lwip-1.4.0/src/api/api_lib.o
 .debug_abbrev  0x00001d26       0x21 ./lwip-1.4.0/src/api/api_msg.o
 .debug_abbrev  0x00001d47       0x21 ./lwip-1.4.0/src/api/err.o
 .debug_abbrev  0x00001d68       0x21 ./lwip-1.4.0/src/api/netbuf.o
 .debug_abbrev  0x00001d89       0x21 ./lwip-1.4.0/src/api/netdb.o
 .debug_abbrev  0x00001daa       0x21 ./lwip-1.4.0/src/api/netifapi.o
 .debug_abbrev  0x00001dcb       0x21 ./lwip-1.4.0/src/api/sockets.o
 .debug_abbrev  0x00001dec       0x21 ./lwip-1.4.0/src/api/tcpip.o
 .debug_abbrev  0x00001e0d       0x21 ./arch/sys_arch.o
 .debug_abbrev  0x00001e2e      0x130 E:/marmote/firmware/MainBoard/lwIPTest/SoftConsole/lwIPTest_MSS_MSS_CM3_0/lwIPTest_MSS_MSS_CM3_0_hw_platform/Debug/CMSIS/startup_gcc/newlib_stubs.o
 .debug_abbrev  0x00001f5e      0x1ea E:\marmote\firmware\MainBoard\lwIPTest\SoftConsole\lwIPTest_MSS_MSS_CM3_0\lwIPTest_MSS_MSS_CM3_0_hw_platform\Debug\liblwIPTest_MSS_MSS_CM3_0_hw_platform.a(mss_pdma.o)
 .debug_abbrev  0x00002148      0x213 E:\marmote\firmware\MainBoard\lwIPTest\SoftConsole\lwIPTest_MSS_MSS_CM3_0\lwIPTest_MSS_MSS_CM3_0_hw_platform\Debug\liblwIPTest_MSS_MSS_CM3_0_hw_platform.a(mss_ethernet_mac.o)
 .debug_abbrev  0x0000235b      0x1af E:\marmote\firmware\MainBoard\lwIPTest\SoftConsole\lwIPTest_MSS_MSS_CM3_0\lwIPTest_MSS_MSS_CM3_0_hw_platform\Debug\liblwIPTest_MSS_MSS_CM3_0_hw_platform.a(phy.o)
 .debug_abbrev  0x0000250a      0x111 E:\marmote\firmware\MainBoard\lwIPTest\SoftConsole\lwIPTest_MSS_MSS_CM3_0\lwIPTest_MSS_MSS_CM3_0_hw_platform\Debug\liblwIPTest_MSS_MSS_CM3_0_hw_platform.a(system_a2fxxxm3.o)
 .debug_abbrev  0x0000261b       0xac E:\marmote\firmware\MainBoard\lwIPTest\SoftConsole\lwIPTest_MSS_MSS_CM3_0\lwIPTest_MSS_MSS_CM3_0_hw_platform\Debug\liblwIPTest_MSS_MSS_CM3_0_hw_platform.a(crc32.o)

.debug_line     0x00000000     0xb754
 *(.debug_line)
 .debug_line    0x00000000      0x779 ./SmartFusionethernetif.o
 .debug_line    0x00000779      0xae8 ./main.o
 .debug_line    0x00001261      0x5a8 ./sampleserver.o
 .debug_line    0x00001809      0x7f1 ./lwip-1.4.0/src/netif/etharp.o
 .debug_line    0x00001ffa      0x1d2 ./lwip-1.4.0/src/netif/ethernetif.o
 .debug_line    0x000021cc      0x316 ./lwip-1.4.0/src/netif/slipif.o
 .debug_line    0x000024e2      0x21f ./lwip-1.4.0/src/core/def.o
 .debug_line    0x00002701      0x1cb ./lwip-1.4.0/src/core/dhcp.o
 .debug_line    0x000028cc      0x1ca ./lwip-1.4.0/src/core/dns.o
 .debug_line    0x00002a96      0x3f4 ./lwip-1.4.0/src/core/init.o
 .debug_line    0x00002e8a      0x577 ./lwip-1.4.0/src/core/mem.o
 .debug_line    0x00003401      0x6ba ./lwip-1.4.0/src/core/memp.o
 .debug_line    0x00003abb      0x49f ./lwip-1.4.0/src/core/netif.o
 .debug_line    0x00003f5a      0x6ef ./lwip-1.4.0/src/core/pbuf.o
 .debug_line    0x00004649      0x60d ./lwip-1.4.0/src/core/raw.o
 .debug_line    0x00004c56      0x479 ./lwip-1.4.0/src/core/stats.o
 .debug_line    0x000050cf      0x1d3 ./lwip-1.4.0/src/core/sys.o
 .debug_line    0x000052a2      0x1ca ./lwip-1.4.0/src/core/tcp.o
 .debug_line    0x0000546c      0x1cd ./lwip-1.4.0/src/core/tcp_in.o
 .debug_line    0x00005639      0x1ce ./lwip-1.4.0/src/core/tcp_out.o
 .debug_line    0x00005807      0x45d ./lwip-1.4.0/src/core/timers.o
 .debug_line    0x00005c64      0x701 ./lwip-1.4.0/src/core/udp.o
 .debug_line    0x00006365      0x1d4 ./lwip-1.4.0/src/core/snmp/asn1_dec.o
 .debug_line    0x00006539      0x1d4 ./lwip-1.4.0/src/core/snmp/asn1_enc.o
 .debug_line    0x0000670d      0x1d0 ./lwip-1.4.0/src/core/snmp/mib2.o
 .debug_line    0x000068dd      0x1d7 ./lwip-1.4.0/src/core/snmp/mib_structs.o
 .debug_line    0x00006ab4      0x1d2 ./lwip-1.4.0/src/core/snmp/msg_in.o
 .debug_line    0x00006c86      0x1d3 ./lwip-1.4.0/src/core/snmp/msg_out.o
 .debug_line    0x00006e59      0x1d2 ./lwip-1.4.0/src/core/ipv4/autoip.o
 .debug_line    0x0000702b      0x604 ./lwip-1.4.0/src/core/ipv4/icmp.o
 .debug_line    0x0000762f      0x1d0 ./lwip-1.4.0/src/core/ipv4/igmp.o
 .debug_line    0x000077ff      0x276 ./lwip-1.4.0/src/core/ipv4/inet.o
 .debug_line    0x00007a75      0x5ad ./lwip-1.4.0/src/core/ipv4/inet_chksum.o
 .debug_line    0x00008022      0x694 ./lwip-1.4.0/src/core/ipv4/ip.o
 .debug_line    0x000086b6      0x35f ./lwip-1.4.0/src/core/ipv4/ip_addr.o
 .debug_line    0x00008a15      0x773 ./lwip-1.4.0/src/core/ipv4/ip_frag.o
 .debug_line    0x00009188      0x1cd ./lwip-1.4.0/src/api/api_lib.o
 .debug_line    0x00009355      0x1cd ./lwip-1.4.0/src/api/api_msg.o
 .debug_line    0x00009522      0x1d2 ./lwip-1.4.0/src/api/err.o
 .debug_line    0x000096f4      0x1cc ./lwip-1.4.0/src/api/netbuf.o
 .debug_line    0x000098c0      0x1d6 ./lwip-1.4.0/src/api/netdb.o
 .debug_line    0x00009a96      0x1ce ./lwip-1.4.0/src/api/netifapi.o
 .debug_line    0x00009c64      0x1cd ./lwip-1.4.0/src/api/sockets.o
 .debug_line    0x00009e31      0x1cb ./lwip-1.4.0/src/api/tcpip.o
 .debug_line    0x00009ffc      0x1c0 ./arch/sys_arch.o
 .debug_line    0x0000a1bc      0x478 E:/marmote/firmware/MainBoard/lwIPTest/SoftConsole/lwIPTest_MSS_MSS_CM3_0/lwIPTest_MSS_MSS_CM3_0_hw_platform/Debug/CMSIS/startup_gcc/newlib_stubs.o
 .debug_line    0x0000a634      0x3ab E:\marmote\firmware\MainBoard\lwIPTest\SoftConsole\lwIPTest_MSS_MSS_CM3_0\lwIPTest_MSS_MSS_CM3_0_hw_platform\Debug\liblwIPTest_MSS_MSS_CM3_0_hw_platform.a(mss_pdma.o)
 .debug_line    0x0000a9df      0x744 E:\marmote\firmware\MainBoard\lwIPTest\SoftConsole\lwIPTest_MSS_MSS_CM3_0\lwIPTest_MSS_MSS_CM3_0_hw_platform\Debug\liblwIPTest_MSS_MSS_CM3_0_hw_platform.a(mss_ethernet_mac.o)
 .debug_line    0x0000b123      0x2a3 E:\marmote\firmware\MainBoard\lwIPTest\SoftConsole\lwIPTest_MSS_MSS_CM3_0\lwIPTest_MSS_MSS_CM3_0_hw_platform\Debug\liblwIPTest_MSS_MSS_CM3_0_hw_platform.a(phy.o)
 .debug_line    0x0000b3c6      0x293 E:\marmote\firmware\MainBoard\lwIPTest\SoftConsole\lwIPTest_MSS_MSS_CM3_0\lwIPTest_MSS_MSS_CM3_0_hw_platform\Debug\liblwIPTest_MSS_MSS_CM3_0_hw_platform.a(system_a2fxxxm3.o)
 .debug_line    0x0000b659       0xfb E:\marmote\firmware\MainBoard\lwIPTest\SoftConsole\lwIPTest_MSS_MSS_CM3_0\lwIPTest_MSS_MSS_CM3_0_hw_platform\Debug\liblwIPTest_MSS_MSS_CM3_0_hw_platform.a(crc32.o)

.debug_frame    0x00000000     0x1bb4
 *(.debug_frame)
 .debug_frame   0x00000000       0xb4 ./SmartFusionethernetif.o
 .debug_frame   0x000000b4      0x208 ./main.o
 .debug_frame   0x000002bc       0x70 ./sampleserver.o
 .debug_frame   0x0000032c      0x190 ./lwip-1.4.0/src/netif/etharp.o
 .debug_frame   0x000004bc       0x88 ./lwip-1.4.0/src/core/def.o
 .debug_frame   0x00000544       0x2c ./lwip-1.4.0/src/core/init.o
 .debug_frame   0x00000570       0xc0 ./lwip-1.4.0/src/core/mem.o
 .debug_frame   0x00000630       0x64 ./lwip-1.4.0/src/core/memp.o
 .debug_frame   0x00000694      0x18c ./lwip-1.4.0/src/core/netif.o
 .debug_frame   0x00000820      0x238 ./lwip-1.4.0/src/core/pbuf.o
 .debug_frame   0x00000a58      0x104 ./lwip-1.4.0/src/core/raw.o
 .debug_frame   0x00000b5c       0x28 ./lwip-1.4.0/src/core/stats.o
 .debug_frame   0x00000b84       0xe8 ./lwip-1.4.0/src/core/timers.o
 .debug_frame   0x00000c6c      0x144 ./lwip-1.4.0/src/core/udp.o
 .debug_frame   0x00000db0       0x90 ./lwip-1.4.0/src/core/ipv4/icmp.o
 .debug_frame   0x00000e40       0xac ./lwip-1.4.0/src/core/ipv4/inet_chksum.o
 .debug_frame   0x00000eec       0x8c ./lwip-1.4.0/src/core/ipv4/ip.o
 .debug_frame   0x00000f78       0xc8 ./lwip-1.4.0/src/core/ipv4/ip_addr.o
 .debug_frame   0x00001040      0x16c ./lwip-1.4.0/src/core/ipv4/ip_frag.o
 .debug_frame   0x000011ac      0x21c E:/marmote/firmware/MainBoard/lwIPTest/SoftConsole/lwIPTest_MSS_MSS_CM3_0/lwIPTest_MSS_MSS_CM3_0_hw_platform/Debug/CMSIS/startup_gcc/newlib_stubs.o
 .debug_frame   0x000013c8      0x178 E:\marmote\firmware\MainBoard\lwIPTest\SoftConsole\lwIPTest_MSS_MSS_CM3_0\lwIPTest_MSS_MSS_CM3_0_hw_platform\Debug\liblwIPTest_MSS_MSS_CM3_0_hw_platform.a(mss_pdma.o)
 .debug_frame   0x00001540      0x390 E:\marmote\firmware\MainBoard\lwIPTest\SoftConsole\lwIPTest_MSS_MSS_CM3_0\lwIPTest_MSS_MSS_CM3_0_hw_platform\Debug\liblwIPTest_MSS_MSS_CM3_0_hw_platform.a(mss_ethernet_mac.o)
 .debug_frame   0x000018d0      0x16c E:\marmote\firmware\MainBoard\lwIPTest\SoftConsole\lwIPTest_MSS_MSS_CM3_0\lwIPTest_MSS_MSS_CM3_0_hw_platform\Debug\liblwIPTest_MSS_MSS_CM3_0_hw_platform.a(phy.o)
 .debug_frame   0x00001a3c       0x64 E:\marmote\firmware\MainBoard\lwIPTest\SoftConsole\lwIPTest_MSS_MSS_CM3_0\lwIPTest_MSS_MSS_CM3_0_hw_platform\Debug\liblwIPTest_MSS_MSS_CM3_0_hw_platform.a(system_a2fxxxm3.o)
 .debug_frame   0x00001aa0       0x4c E:\marmote\firmware\MainBoard\lwIPTest\SoftConsole\lwIPTest_MSS_MSS_CM3_0\lwIPTest_MSS_MSS_CM3_0_hw_platform\Debug\liblwIPTest_MSS_MSS_CM3_0_hw_platform.a(crc32.o)
 .debug_frame   0x00001aec       0x20 c:/microsemi/libero_v10.0/softconsole/sourcery-g++/bin/../lib/gcc/arm-none-eabi/4.4.1/../../../../arm-none-eabi/lib/thumb2\libc.a(lib_a-errno.o)
 .debug_frame   0x00001b0c       0x2c c:/microsemi/libero_v10.0/softconsole/sourcery-g++/bin/../lib/gcc/arm-none-eabi/4.4.1/../../../../arm-none-eabi/lib/thumb2\libc.a(lib_a-init.o)
 .debug_frame   0x00001b38       0x34 c:/microsemi/libero_v10.0/softconsole/sourcery-g++/bin/../lib/gcc/arm-none-eabi/4.4.1/../../../../arm-none-eabi/lib/thumb2\libc.a(lib_a-memcpy.o)
 .debug_frame   0x00001b6c       0x28 c:/microsemi/libero_v10.0/softconsole/sourcery-g++/bin/../lib/gcc/arm-none-eabi/4.4.1/../../../../arm-none-eabi/lib/thumb2\libc.a(lib_a-memset.o)
 .debug_frame   0x00001b94       0x20 c:/microsemi/libero_v10.0/softconsole/sourcery-g++/bin/../lib/gcc/arm-none-eabi/4.4.1/../../../../arm-none-eabi/lib/thumb2\libc.a(lib_a-strlen.o)

.debug_str      0x00000000     0x3be6
 *(.debug_str)
 .debug_str     0x00000000      0x2df ./SmartFusionethernetif.o
                                0x377 (size before relaxing)
 .debug_str     0x000002df     0x1258 ./main.o
                               0x14a6 (size before relaxing)
 .debug_str     0x00001537       0x5a ./sampleserver.o
                                0x264 (size before relaxing)
 .debug_str     0x00001591      0x29b ./lwip-1.4.0/src/netif/etharp.o
                                0x58e (size before relaxing)
 .debug_str     0x0000182c       0x25 ./lwip-1.4.0/src/netif/ethernetif.o
                                 0xee (size before relaxing)
 .debug_str     0x00001851       0x21 ./lwip-1.4.0/src/netif/slipif.o
                                 0xef (size before relaxing)
 .debug_str     0x00001872       0x49 ./lwip-1.4.0/src/core/def.o
                                0x11e (size before relaxing)
 .debug_str     0x000018bb       0x1e ./lwip-1.4.0/src/core/dhcp.o
                                 0xe7 (size before relaxing)
 .debug_str     0x000018d9       0x1d ./lwip-1.4.0/src/core/dns.o
                                 0xe6 (size before relaxing)
 .debug_str     0x000018f6       0x28 ./lwip-1.4.0/src/core/init.o
                                 0xf6 (size before relaxing)
 .debug_str     0x0000191e       0xa7 ./lwip-1.4.0/src/core/mem.o
                                0x26d (size before relaxing)
 .debug_str     0x000019c5       0xd9 ./lwip-1.4.0/src/core/memp.o
                                0x294 (size before relaxing)
 .debug_str     0x00001a9e      0x10d ./lwip-1.4.0/src/core/netif.o
                                0x2c0 (size before relaxing)
 .debug_str     0x00001bab      0x228 ./lwip-1.4.0/src/core/pbuf.o
                                0x45e (size before relaxing)
 .debug_str     0x00001dd3       0xfa ./lwip-1.4.0/src/core/raw.o
                                0x3ed (size before relaxing)
 .debug_str     0x00001ecd       0x2a ./lwip-1.4.0/src/core/stats.o
                                0x1d6 (size before relaxing)
 .debug_str     0x00001ef7       0x1d ./lwip-1.4.0/src/core/sys.o
                                 0xe6 (size before relaxing)
 .debug_str     0x00001f14       0x1d ./lwip-1.4.0/src/core/tcp.o
                                 0xe6 (size before relaxing)
 .debug_str     0x00001f31       0x20 ./lwip-1.4.0/src/core/tcp_in.o
                                 0xe9 (size before relaxing)
 .debug_str     0x00001f51       0x21 ./lwip-1.4.0/src/core/tcp_out.o
                                 0xea (size before relaxing)
 .debug_str     0x00001f72       0xe6 ./lwip-1.4.0/src/core/timers.o
                                0x249 (size before relaxing)
 .debug_str     0x00002058      0x13d ./lwip-1.4.0/src/core/udp.o
                                0x568 (size before relaxing)
 .debug_str     0x00002195       0x27 ./lwip-1.4.0/src/core/snmp/asn1_dec.o
                                 0xf0 (size before relaxing)
 .debug_str     0x000021bc       0x27 ./lwip-1.4.0/src/core/snmp/asn1_enc.o
                                 0xf0 (size before relaxing)
 .debug_str     0x000021e3       0x23 ./lwip-1.4.0/src/core/snmp/mib2.o
                                 0xec (size before relaxing)
 .debug_str     0x00002206       0x2a ./lwip-1.4.0/src/core/snmp/mib_structs.o
                                 0xf3 (size before relaxing)
 .debug_str     0x00002230       0x25 ./lwip-1.4.0/src/core/snmp/msg_in.o
                                 0xee (size before relaxing)
 .debug_str     0x00002255       0x26 ./lwip-1.4.0/src/core/snmp/msg_out.o
                                 0xef (size before relaxing)
 .debug_str     0x0000227b       0x25 ./lwip-1.4.0/src/core/ipv4/autoip.o
                                 0xee (size before relaxing)
 .debug_str     0x000022a0       0xb7 ./lwip-1.4.0/src/core/ipv4/icmp.o
                                0x478 (size before relaxing)
 .debug_str     0x00002357       0x23 ./lwip-1.4.0/src/core/ipv4/igmp.o
                                 0xec (size before relaxing)
 .debug_str     0x0000237a       0x23 ./lwip-1.4.0/src/core/ipv4/inet.o
                                 0xec (size before relaxing)
 .debug_str     0x0000239d       0xae ./lwip-1.4.0/src/core/ipv4/inet_chksum.o
                                0x20e (size before relaxing)
 .debug_str     0x0000244b       0x9c ./lwip-1.4.0/src/core/ipv4/ip.o
                                0x412 (size before relaxing)
 .debug_str     0x000024e7       0xb5 ./lwip-1.4.0/src/core/ipv4/ip_addr.o
                                0x270 (size before relaxing)
 .debug_str     0x0000259c      0x25c ./lwip-1.4.0/src/core/ipv4/ip_frag.o
                                0x67a (size before relaxing)
 .debug_str     0x000027f8       0x20 ./lwip-1.4.0/src/api/api_lib.o
                                 0xe9 (size before relaxing)
 .debug_str     0x00002818       0x20 ./lwip-1.4.0/src/api/api_msg.o
                                 0xe9 (size before relaxing)
 .debug_str     0x00002838       0x1c ./lwip-1.4.0/src/api/err.o
                                 0xe5 (size before relaxing)
 .debug_str     0x00002854       0x1f ./lwip-1.4.0/src/api/netbuf.o
                                 0xe8 (size before relaxing)
 .debug_str     0x00002873       0x1e ./lwip-1.4.0/src/api/netdb.o
                                 0xe7 (size before relaxing)
 .debug_str     0x00002891       0x21 ./lwip-1.4.0/src/api/netifapi.o
                                 0xea (size before relaxing)
 .debug_str     0x000028b2       0x20 ./lwip-1.4.0/src/api/sockets.o
                                 0xe9 (size before relaxing)
 .debug_str     0x000028d2       0x1e ./lwip-1.4.0/src/api/tcpip.o
                                 0xe7 (size before relaxing)
 .debug_str     0x000028f0       0x13 ./arch/sys_arch.o
                                 0xdc (size before relaxing)
 .debug_str     0x00002903      0x244 E:/marmote/firmware/MainBoard/lwIPTest/SoftConsole/lwIPTest_MSS_MSS_CM3_0/lwIPTest_MSS_MSS_CM3_0_hw_platform/Debug/CMSIS/startup_gcc/newlib_stubs.o
                                0x333 (size before relaxing)
 .debug_str     0x00002b47      0x26c E:\marmote\firmware\MainBoard\lwIPTest\SoftConsole\lwIPTest_MSS_MSS_CM3_0\lwIPTest_MSS_MSS_CM3_0_hw_platform\Debug\liblwIPTest_MSS_MSS_CM3_0_hw_platform.a(mss_pdma.o)
                               0x1241 (size before relaxing)
 .debug_str     0x00002db3      0xb8e E:\marmote\firmware\MainBoard\lwIPTest\SoftConsole\lwIPTest_MSS_MSS_CM3_0\lwIPTest_MSS_MSS_CM3_0_hw_platform\Debug\liblwIPTest_MSS_MSS_CM3_0_hw_platform.a(mss_ethernet_mac.o)
                                0xdc2 (size before relaxing)
 .debug_str     0x00003941      0x142 E:\marmote\firmware\MainBoard\lwIPTest\SoftConsole\lwIPTest_MSS_MSS_CM3_0\lwIPTest_MSS_MSS_CM3_0_hw_platform\Debug\liblwIPTest_MSS_MSS_CM3_0_hw_platform.a(phy.o)
                                0x904 (size before relaxing)
 .debug_str     0x00003a83      0x108 E:\marmote\firmware\MainBoard\lwIPTest\SoftConsole\lwIPTest_MSS_MSS_CM3_0\lwIPTest_MSS_MSS_CM3_0_hw_platform\Debug\liblwIPTest_MSS_MSS_CM3_0_hw_platform.a(system_a2fxxxm3.o)
                                0x467 (size before relaxing)
 .debug_str     0x00003b8b       0x5b E:\marmote\firmware\MainBoard\lwIPTest\SoftConsole\lwIPTest_MSS_MSS_CM3_0\lwIPTest_MSS_MSS_CM3_0_hw_platform\Debug\liblwIPTest_MSS_MSS_CM3_0_hw_platform.a(crc32.o)
                                0x17a (size before relaxing)

.debug_loc      0x00000000     0x2d24
 *(.debug_loc)
 .debug_loc     0x00000000      0x124 ./SmartFusionethernetif.o
 .debug_loc     0x00000124      0x374 ./main.o
 .debug_loc     0x00000498       0xa5 ./sampleserver.o
 .debug_loc     0x0000053d      0x294 ./lwip-1.4.0/src/netif/etharp.o
 .debug_loc     0x000007d1       0xdc ./lwip-1.4.0/src/core/def.o
 .debug_loc     0x000008ad       0x2b ./lwip-1.4.0/src/core/init.o
 .debug_loc     0x000008d8      0x14a ./lwip-1.4.0/src/core/mem.o
 .debug_loc     0x00000a22       0xa5 ./lwip-1.4.0/src/core/memp.o
 .debug_loc     0x00000ac7      0x2bf ./lwip-1.4.0/src/core/netif.o
 .debug_loc     0x00000d86      0x3de ./lwip-1.4.0/src/core/pbuf.o
 .debug_loc     0x00001164      0x1b8 ./lwip-1.4.0/src/core/raw.o
 .debug_loc     0x0000131c       0x2b ./lwip-1.4.0/src/core/stats.o
 .debug_loc     0x00001347      0x169 ./lwip-1.4.0/src/core/timers.o
 .debug_loc     0x000014b0      0x228 ./lwip-1.4.0/src/core/udp.o
 .debug_loc     0x000016d8       0xdd ./lwip-1.4.0/src/core/ipv4/icmp.o
 .debug_loc     0x000017b5      0x113 ./lwip-1.4.0/src/core/ipv4/inet_chksum.o
 .debug_loc     0x000018c8       0xdc ./lwip-1.4.0/src/core/ipv4/ip.o
 .debug_loc     0x000019a4      0x14a ./lwip-1.4.0/src/core/ipv4/ip_addr.o
 .debug_loc     0x00001aee      0x253 ./lwip-1.4.0/src/core/ipv4/ip_frag.o
 .debug_loc     0x00001d41      0x3c6 E:/marmote/firmware/MainBoard/lwIPTest/SoftConsole/lwIPTest_MSS_MSS_CM3_0/lwIPTest_MSS_MSS_CM3_0_hw_platform/Debug/CMSIS/startup_gcc/newlib_stubs.o
 .debug_loc     0x00002107      0x294 E:\marmote\firmware\MainBoard\lwIPTest\SoftConsole\lwIPTest_MSS_MSS_CM3_0\lwIPTest_MSS_MSS_CM3_0_hw_platform\Debug\liblwIPTest_MSS_MSS_CM3_0_hw_platform.a(mss_pdma.o)
 .debug_loc     0x0000239b      0x625 E:\marmote\firmware\MainBoard\lwIPTest\SoftConsole\lwIPTest_MSS_MSS_CM3_0\lwIPTest_MSS_MSS_CM3_0_hw_platform\Debug\liblwIPTest_MSS_MSS_CM3_0_hw_platform.a(mss_ethernet_mac.o)
 .debug_loc     0x000029c0      0x25d E:\marmote\firmware\MainBoard\lwIPTest\SoftConsole\lwIPTest_MSS_MSS_CM3_0\lwIPTest_MSS_MSS_CM3_0_hw_platform\Debug\liblwIPTest_MSS_MSS_CM3_0_hw_platform.a(phy.o)
 .debug_loc     0x00002c1d       0x99 E:\marmote\firmware\MainBoard\lwIPTest\SoftConsole\lwIPTest_MSS_MSS_CM3_0\lwIPTest_MSS_MSS_CM3_0_hw_platform\Debug\liblwIPTest_MSS_MSS_CM3_0_hw_platform.a(system_a2fxxxm3.o)
 .debug_loc     0x00002cb6       0x6e E:\marmote\firmware\MainBoard\lwIPTest\SoftConsole\lwIPTest_MSS_MSS_CM3_0\lwIPTest_MSS_MSS_CM3_0_hw_platform\Debug\liblwIPTest_MSS_MSS_CM3_0_hw_platform.a(crc32.o)

.debug_macinfo  0x00000000    0xe1ad7
 *(.debug_macinfo)
 .debug_macinfo
                0x00000000     0x8b1f ./SmartFusionethernetif.o
 .debug_macinfo
                0x00008b1f     0xa4ae ./main.o
 .debug_macinfo
                0x00012fcd     0x74a3 ./sampleserver.o
 .debug_macinfo
                0x0001a470     0x79fd ./lwip-1.4.0/src/netif/etharp.o
 .debug_macinfo
                0x00021e6d     0x2833 ./lwip-1.4.0/src/netif/ethernetif.o
 .debug_macinfo
                0x000246a0     0x3b8a ./lwip-1.4.0/src/netif/slipif.o
 .debug_macinfo
                0x0002822a     0x2a90 ./lwip-1.4.0/src/core/def.o
 .debug_macinfo
                0x0002acba     0x2833 ./lwip-1.4.0/src/core/dhcp.o
 .debug_macinfo
                0x0002d4ed     0x2833 ./lwip-1.4.0/src/core/dns.o
 .debug_macinfo
                0x0002fd20     0x64c8 ./lwip-1.4.0/src/core/init.o
 .debug_macinfo
                0x000361e8     0x58c2 ./lwip-1.4.0/src/core/mem.o
 .debug_macinfo
                0x0003baaa     0x85e7 ./lwip-1.4.0/src/core/memp.o
 .debug_macinfo
                0x00044091     0x5c7b ./lwip-1.4.0/src/core/netif.o
 .debug_macinfo
                0x00049d0c     0x58c9 ./lwip-1.4.0/src/core/pbuf.o
 .debug_macinfo
                0x0004f5d5     0x689c ./lwip-1.4.0/src/core/raw.o
 .debug_macinfo
                0x00055e71     0x5187 ./lwip-1.4.0/src/core/stats.o
 .debug_macinfo
                0x0005aff8     0x2c73 ./lwip-1.4.0/src/core/sys.o
 .debug_macinfo
                0x0005dc6b     0x2833 ./lwip-1.4.0/src/core/tcp.o
 .debug_macinfo
                0x0006049e     0x2833 ./lwip-1.4.0/src/core/tcp_in.o
 .debug_macinfo
                0x00062cd1     0x2833 ./lwip-1.4.0/src/core/tcp_out.o
 .debug_macinfo
                0x00065504     0x4b67 ./lwip-1.4.0/src/core/timers.o
 .debug_macinfo
                0x0006a06b     0x79c7 ./lwip-1.4.0/src/core/udp.o
 .debug_macinfo
                0x00071a32     0x2833 ./lwip-1.4.0/src/core/snmp/asn1_dec.o
 .debug_macinfo
                0x00074265     0x2833 ./lwip-1.4.0/src/core/snmp/asn1_enc.o
 .debug_macinfo
                0x00076a98     0x2833 ./lwip-1.4.0/src/core/snmp/mib2.o
 .debug_macinfo
                0x000792cb     0x2833 ./lwip-1.4.0/src/core/snmp/mib_structs.o
 .debug_macinfo
                0x0007bafe     0x2833 ./lwip-1.4.0/src/core/snmp/msg_in.o
 .debug_macinfo
                0x0007e331     0x2833 ./lwip-1.4.0/src/core/snmp/msg_out.o
 .debug_macinfo
                0x00080b64     0x2833 ./lwip-1.4.0/src/core/ipv4/autoip.o
 .debug_macinfo
                0x00083397     0x7872 ./lwip-1.4.0/src/core/ipv4/icmp.o
 .debug_macinfo
                0x0008ac09     0x2833 ./lwip-1.4.0/src/core/ipv4/igmp.o
 .debug_macinfo
                0x0008d43c     0x3ce0 ./lwip-1.4.0/src/core/ipv4/inet.o
 .debug_macinfo
                0x0009111c     0x5aaf ./lwip-1.4.0/src/core/ipv4/inet_chksum.o
 .debug_macinfo
                0x00096bcb     0x7a78 ./lwip-1.4.0/src/core/ipv4/ip.o
 .debug_macinfo
                0x0009e643     0x3cb6 ./lwip-1.4.0/src/core/ipv4/ip_addr.o
 .debug_macinfo