Actel Designer Software
Version: 10.0.20.2
Release: v10.0 SP2

Info: The design StreamingReceiver_RF_synthesis_1.adb was last modified by software version
      10.0.20.2.
Opened an existing Libero design StreamingReceiver_RF_synthesis_1.adb.
'BA_NAME' set to 'StreamingReceiver_RF_ba'
'IDE_DESIGNERVIEW_NAME' set to 'Impl1'
'IDE_DESIGNERVIEW_COUNT' set to '1'
'IDE_DESIGNERVIEW_REV0' set to 'Impl1'
'IDE_DESIGNERVIEW_REVNUM0' set to '1'
'IDE_DESIGNERVIEW_ROOTDIR' set to
'D:\Work\marmote\firmware\MainBoard\StreamingReceiver_RF\designer'
'IDE_DESIGNERVIEW_LASTREV' set to '1'
***** Layout Variables *********************************************

Mode: TIMING_DRIVEN
Power-driven Layout: OFF
Incremental Placement: OFF
Incremental Route: OFF


Info: I/O Bank Assigner detected (1) out of (6) I/O Bank(s) with locked I/O technologies.

Running I/O Bank Assigner.

I/O Bank Assigner completed successfully.
 

Planning global net placement...


Global net placement completed successfully.

                        o - o - o - o - o - o

Timing-driven Placer Started: Wed Aug 15 14:36:27 2012

Placer Finished: Wed Aug 15 14:36:38 2012
Total Placer CPU Time:     00:00:11

                        o - o - o - o - o - o


Timing-driven Router 
Design: StreamingReceiver_RF_synthesis_1Started: Wed Aug 15 14:36:40 2012

 
Iterative improvement...

Timing-driven Router completed successfully.

Design: StreamingReceiver_RF_synthesis_1
Finished: Wed Aug 15 14:37:04 2012
Total CPU Time:     00:00:24            Total Elapsed Time: 00:00:24
                        o - o - o - o - o - o

Loading the Timing data for the design.
Finished loading the Timing data.

The Layout command succeeded ( 00:00:43 )
Wrote status report to file: StreamingReceiver_RF_place_and_route_report.txt

The Report command succeeded ( 00:00:00 )
Wrote globalnet report to file: StreamingReceiver_RF_globalnet_report.txt

The Report command succeeded ( 00:00:00 )
Wrote globalusage report to file: StreamingReceiver_RF_globalusage_report.txt

The Report command succeeded ( 00:00:00 )
Wrote iobank report to file: StreamingReceiver_RF_iobank_report.txt

The Report command succeeded ( 00:00:00 )
Design saved to file
D:\Work\marmote\firmware\MainBoard\StreamingReceiver_RF\designer\impl1\StreamingReceiver_RF_syn\
thesis_1.adb.

The Execute Script command succeeded ( 00:00:45 )
Design closed.

