Actel Designer Software
Version: 10.0.20.2
Release: v10.0 SP2

Info: The design lwIPTest.adb was last modified by software version 10.0.20.2.
Opened an existing Libero design lwIPTest.adb.
'BA_NAME' set to 'lwIPTest_ba'
'IDE_DESIGNERVIEW_NAME' set to 'Impl1'
'IDE_DESIGNERVIEW_COUNT' set to '1'
'IDE_DESIGNERVIEW_REV0' set to 'Impl1'
'IDE_DESIGNERVIEW_REVNUM0' set to '1'
'IDE_DESIGNERVIEW_ROOTDIR' set to 'D:\Work\marmote\firmware\lwIPTest\designer'
'IDE_DESIGNERVIEW_LASTREV' set to '1'
***** Layout Variables *********************************************

Mode: TIMING_DRIVEN
Power-driven Layout: OFF
Incremental Placement: OFF
Incremental Route: OFF


Info: I/O Bank Assigner detected (1) out of (6) I/O Bank(s) with locked I/O technologies.

Running I/O Bank Assigner.

I/O Bank Assigner completed successfully.
 

Planning global net placement...


Global net placement completed successfully.

                        o - o - o - o - o - o

Timing-driven Placer Started: Tue Jun 05 12:47:27 2012

Placer Finished: Tue Jun 05 12:47:30 2012
Total Placer CPU Time:     00:00:03

                        o - o - o - o - o - o


Timing-driven Router 
Design: lwIPTest                        Started: Tue Jun 05 12:47:31 2012

 
Iterative improvement...

Timing-driven Router completed successfully.

Design: lwIPTest                        
Finished: Tue Jun 05 12:47:41 2012
Total CPU Time:     00:00:09            Total Elapsed Time: 00:00:10
                        o - o - o - o - o - o

Loading the Timing data for the design.
Finished loading the Timing data.

The Layout command succeeded ( 00:00:18 )
Wrote status report to file: lwIPTest_place_and_route_report.txt

The Report command succeeded ( 00:00:00 )
Wrote globalnet report to file: lwIPTest_globalnet_report.txt

The Report command succeeded ( 00:00:00 )
Wrote globalusage report to file: lwIPTest_globalusage_report.txt

The Report command succeeded ( 00:00:00 )
Wrote iobank report to file: lwIPTest_iobank_report.txt

The Report command succeeded ( 00:00:00 )
Design saved to file D:\Work\marmote\firmware\lwIPTest\designer\impl1\lwIPTest.adb.

The Execute Script command succeeded ( 00:00:20 )
Design closed.

